Archive member included to satisfy reference by file (symbol)

E:/stm32cubeide/STM32CubeIDE_1.16.0/STM32CubeIDE/plugins/com.st.stm32cube.ide.mcu.externaltools.gnu-tools-for-stm32.12.3.rel1.win32_1.0.200.202406191623/tools/bin/../lib/gcc/arm-none-eabi/12.3.1/../../../../arm-none-eabi/lib/thumb/v7-m/nofp\libc_nano.a(libc_a-exit.o)
                              E:/stm32cubeide/STM32CubeIDE_1.16.0/STM32CubeIDE/plugins/com.st.stm32cube.ide.mcu.externaltools.gnu-tools-for-stm32.12.3.rel1.win32_1.0.200.202406191623/tools/bin/../lib/gcc/arm-none-eabi/12.3.1/../../../../arm-none-eabi/lib/thumb/v7-m/nofp/crt0.o (exit)
E:/stm32cubeide/STM32CubeIDE_1.16.0/STM32CubeIDE/plugins/com.st.stm32cube.ide.mcu.externaltools.gnu-tools-for-stm32.12.3.rel1.win32_1.0.200.202406191623/tools/bin/../lib/gcc/arm-none-eabi/12.3.1/../../../../arm-none-eabi/lib/thumb/v7-m/nofp\libc_nano.a(libc_a-findfp.o)
                              E:/stm32cubeide/STM32CubeIDE_1.16.0/STM32CubeIDE/plugins/com.st.stm32cube.ide.mcu.externaltools.gnu-tools-for-stm32.12.3.rel1.win32_1.0.200.202406191623/tools/bin/../lib/gcc/arm-none-eabi/12.3.1/../../../../arm-none-eabi/lib/thumb/v7-m/nofp\libc_nano.a(libc_a-exit.o) (__stdio_exit_handler)
E:/stm32cubeide/STM32CubeIDE_1.16.0/STM32CubeIDE/plugins/com.st.stm32cube.ide.mcu.externaltools.gnu-tools-for-stm32.12.3.rel1.win32_1.0.200.202406191623/tools/bin/../lib/gcc/arm-none-eabi/12.3.1/../../../../arm-none-eabi/lib/thumb/v7-m/nofp\libc_nano.a(libc_a-fwalk.o)
                              E:/stm32cubeide/STM32CubeIDE_1.16.0/STM32CubeIDE/plugins/com.st.stm32cube.ide.mcu.externaltools.gnu-tools-for-stm32.12.3.rel1.win32_1.0.200.202406191623/tools/bin/../lib/gcc/arm-none-eabi/12.3.1/../../../../arm-none-eabi/lib/thumb/v7-m/nofp\libc_nano.a(libc_a-findfp.o) (_fwalk_sglue)
E:/stm32cubeide/STM32CubeIDE_1.16.0/STM32CubeIDE/plugins/com.st.stm32cube.ide.mcu.externaltools.gnu-tools-for-stm32.12.3.rel1.win32_1.0.200.202406191623/tools/bin/../lib/gcc/arm-none-eabi/12.3.1/../../../../arm-none-eabi/lib/thumb/v7-m/nofp\libc_nano.a(libc_a-stdio.o)
                              E:/stm32cubeide/STM32CubeIDE_1.16.0/STM32CubeIDE/plugins/com.st.stm32cube.ide.mcu.externaltools.gnu-tools-for-stm32.12.3.rel1.win32_1.0.200.202406191623/tools/bin/../lib/gcc/arm-none-eabi/12.3.1/../../../../arm-none-eabi/lib/thumb/v7-m/nofp\libc_nano.a(libc_a-findfp.o) (__sread)
E:/stm32cubeide/STM32CubeIDE_1.16.0/STM32CubeIDE/plugins/com.st.stm32cube.ide.mcu.externaltools.gnu-tools-for-stm32.12.3.rel1.win32_1.0.200.202406191623/tools/bin/../lib/gcc/arm-none-eabi/12.3.1/../../../../arm-none-eabi/lib/thumb/v7-m/nofp\libc_nano.a(libc_a-memset.o)
                              E:/stm32cubeide/STM32CubeIDE_1.16.0/STM32CubeIDE/plugins/com.st.stm32cube.ide.mcu.externaltools.gnu-tools-for-stm32.12.3.rel1.win32_1.0.200.202406191623/tools/bin/../lib/gcc/arm-none-eabi/12.3.1/../../../../arm-none-eabi/lib/thumb/v7-m/nofp/crt0.o (memset)
E:/stm32cubeide/STM32CubeIDE_1.16.0/STM32CubeIDE/plugins/com.st.stm32cube.ide.mcu.externaltools.gnu-tools-for-stm32.12.3.rel1.win32_1.0.200.202406191623/tools/bin/../lib/gcc/arm-none-eabi/12.3.1/../../../../arm-none-eabi/lib/thumb/v7-m/nofp\libc_nano.a(libc_a-closer.o)
                              E:/stm32cubeide/STM32CubeIDE_1.16.0/STM32CubeIDE/plugins/com.st.stm32cube.ide.mcu.externaltools.gnu-tools-for-stm32.12.3.rel1.win32_1.0.200.202406191623/tools/bin/../lib/gcc/arm-none-eabi/12.3.1/../../../../arm-none-eabi/lib/thumb/v7-m/nofp\libc_nano.a(libc_a-stdio.o) (_close_r)
E:/stm32cubeide/STM32CubeIDE_1.16.0/STM32CubeIDE/plugins/com.st.stm32cube.ide.mcu.externaltools.gnu-tools-for-stm32.12.3.rel1.win32_1.0.200.202406191623/tools/bin/../lib/gcc/arm-none-eabi/12.3.1/../../../../arm-none-eabi/lib/thumb/v7-m/nofp\libc_nano.a(libc_a-reent.o)
                              E:/stm32cubeide/STM32CubeIDE_1.16.0/STM32CubeIDE/plugins/com.st.stm32cube.ide.mcu.externaltools.gnu-tools-for-stm32.12.3.rel1.win32_1.0.200.202406191623/tools/bin/../lib/gcc/arm-none-eabi/12.3.1/../../../../arm-none-eabi/lib/thumb/v7-m/nofp\libc_nano.a(libc_a-closer.o) (errno)
E:/stm32cubeide/STM32CubeIDE_1.16.0/STM32CubeIDE/plugins/com.st.stm32cube.ide.mcu.externaltools.gnu-tools-for-stm32.12.3.rel1.win32_1.0.200.202406191623/tools/bin/../lib/gcc/arm-none-eabi/12.3.1/../../../../arm-none-eabi/lib/thumb/v7-m/nofp\libc_nano.a(libc_a-impure.o)
                              E:/stm32cubeide/STM32CubeIDE_1.16.0/STM32CubeIDE/plugins/com.st.stm32cube.ide.mcu.externaltools.gnu-tools-for-stm32.12.3.rel1.win32_1.0.200.202406191623/tools/bin/../lib/gcc/arm-none-eabi/12.3.1/../../../../arm-none-eabi/lib/thumb/v7-m/nofp\libc_nano.a(libc_a-reent.o) (_impure_ptr)
E:/stm32cubeide/STM32CubeIDE_1.16.0/STM32CubeIDE/plugins/com.st.stm32cube.ide.mcu.externaltools.gnu-tools-for-stm32.12.3.rel1.win32_1.0.200.202406191623/tools/bin/../lib/gcc/arm-none-eabi/12.3.1/../../../../arm-none-eabi/lib/thumb/v7-m/nofp\libc_nano.a(libc_a-lseekr.o)
[...]
Memory Configuration

Name             Origin             Length             Attributes
RAM              0x20000000         0x00001000         xrw
FLASH            0x08000000         0x00008000         xr
*default*        0x00000000         0xffffffff

Linker script and memory map

LOAD E:/stm32cubeide/STM32CubeIDE_1.16.0/STM32CubeIDE/plugins/com.st.stm32cube.ide.mcu.externaltools.gnu-tools-for-stm32.12.3.rel1.win32_1.0.200.202406191623/tools/bin/../lib/gcc/arm-none-eabi/12.3.1/thumb/v7-m/nofp/crti.o
LOAD E:/stm32cubeide/STM32CubeIDE_1.16.0/STM32CubeIDE/plugins/com.st.stm32cube.ide.mcu.externaltools.gnu-tools-for-stm32.12.3.rel1.win32_1.0.200.202406191623/tools/bin/../lib/gcc/arm-none-eabi/12.3.1/thumb/v7-m/nofp/crtbegin.o
LOAD E:/stm32cubeide/STM32CubeIDE_1.16.0/STM32CubeIDE/plugins/com.st.stm32cube.ide.mcu.externaltools.gnu-tools-for-stm32.12.3.rel1.win32_1.0.200.202406191623/tools/bin/../lib/gcc/arm-none-eabi/12.3.1/../../../../arm-none-eabi/lib/thumb/v7-m/nofp/crt0.o
LOAD ./Core/Src/Lab2.o
LOAD ./Core/Src/Led7Seg_Display.o
LOAD ./Core/Src/config_GPIO_Led_Matrix.o
LOAD ./Core/Src/main.o
LOAD ./Core/Src/software_timer.o
LOAD ./Core/Src/stm32f1xx_hal_msp.o
LOAD ./Core/Src/stm32f1xx_it.o
LOAD ./Core/Src/syscalls.o
LOAD ./Core/Src/sysmem.o
LOAD ./Core/Src/system_stm32f1xx.o
LOAD ./Core/Startup/startup_stm32f100c6tx.o
LOAD ./Drivers/STM32F1xx_HAL_Driver/Src/stm32f1xx_hal.o
LOAD ./Drivers/STM32F1xx_HAL_Driver/Src/stm32f1xx_hal_cortex.o
LOAD ./Drivers/STM32F1xx_HAL_Driver/Src/stm32f1xx_hal_dma.o
LOAD ./Drivers/STM32F1xx_HAL_Driver/Src/stm32f1xx_hal_exti.o
LOAD ./Drivers/STM32F1xx_HAL_Driver/Src/stm32f1xx_hal_flash.o
LOAD ./Drivers/STM32F1xx_HAL_Driver/Src/stm32f1xx_hal_flash_ex.o
LOAD ./Drivers/STM32F1xx_HAL_Driver/Src/stm32f1xx_hal_gpio.o
LOAD ./Drivers/STM32F1xx_HAL_Driver/Src/stm32f1xx_hal_gpio_ex.o
LOAD ./Drivers/STM32F1xx_HAL_Driver/Src/stm32f1xx_hal_pwr.o
LOAD ./Drivers/STM32F1xx_HAL_Driver/Src/stm32f1xx_hal_rcc.o
LOAD ./Drivers/STM32F1xx_HAL_Driver/Src/stm32f1xx_hal_rcc_ex.o
LOAD ./Drivers/STM32F1xx_HAL_Driver/Src/stm32f1xx_hal_tim.o
LOAD ./Drivers/STM32F1xx_HAL_Driver/Src/stm32f1xx_hal_tim_ex.o
START GROUP
LOAD E:/stm32cubeide/STM32CubeIDE_1.16.0/STM32CubeIDE/plugins/com.st.stm32cube.ide.mcu.externaltools.gnu-tools-for-stm32.12.3.rel1.win32_1.0.200.202406191623/tools/bin/../lib/gcc/arm-none-eabi/12.3.1/../../../../arm-none-eabi/lib/thumb/v7-m/nofp\libc_nano.a
LOAD E:/stm32cubeide/STM32CubeIDE_1.16.0/STM32CubeIDE/plugins/com.st.stm32cube.ide.mcu.externaltools.gnu-tools-for-stm32.12.3.rel1.win32_1.0.200.202406191623/tools/bin/../lib/gcc/arm-none-eabi/12.3.1/../../../../arm-none-eabi/lib/thumb/v7-m/nofp\libm.a
END GROUP
START GROUP
LOAD E:/stm32cubeide/STM32CubeIDE_1.16.0/STM32CubeIDE/plugins/com.st.stm32cube.ide.mcu.externaltools.gnu-tools-for-stm32.12.3.rel1.win32_1.0.200.202406191623/tools/bin/../lib/gcc/arm-none-eabi/12.3.1/thumb/v7-m/nofp\libgcc.a
LOAD E:/stm32cubeide/STM32CubeIDE_1.16.0/STM32CubeIDE/plugins/com.st.stm32cube.ide.mcu.externaltools.gnu-tools-for-stm32.12.3.rel1.win32_1.0.200.202406191623/tools/bin/../lib/gcc/arm-none-eabi/12.3.1/../../../../arm-none-eabi/lib/thumb/v7-m/nofp\libc_nano.a
END GROUP
START GROUP
LOAD E:/stm32cubeide/STM32CubeIDE_1.16.0/STM32CubeIDE/plugins/com.st.stm32cube.ide.mcu.externaltools.gnu-tools-for-stm32.12.3.rel1.win32_1.0.200.202406191623/tools/bin/../lib/gcc/arm-none-eabi/12.3.1/thumb/v7-m/nofp\libgcc.a
LOAD E:/stm32cubeide/STM32CubeIDE_1.16.0/STM32CubeIDE/plugins/com.st.stm32cube.ide.mcu.externaltools.gnu-tools-for-stm32.12.3.rel1.win32_1.0.200.202406191623/tools/bin/../lib/gcc/arm-none-eabi/12.3.1/../../../../arm-none-eabi/lib/thumb/v7-m/nofp\libc_nano.a
LOAD E:/stm32cubeide/STM32CubeIDE_1.16.0/STM32CubeIDE/plugins/com.st.stm32cube.ide.mcu.externaltools.gnu-tools-for-stm32.12.3.rel1.win32_1.0.200.202406191623/tools/bin/../lib/gcc/arm-none-eabi/12.3.1/../../../../arm-none-eabi/lib/thumb/v7-m/nofp\libnosys.a
END GROUP
START GROUP
LOAD E:/stm32cubeide/STM32CubeIDE_1.16.0/STM32CubeIDE/plugins/com.st.stm32cube.ide.mcu.externaltools.gnu-tools-for-stm32.12.3.rel1.win32_1.0.200.202406191623/tools/bin/../lib/gcc/arm-none-eabi/12.3.1/thumb/v7-m/nofp\libgcc.a
LOAD E:/stm32cubeide/STM32CubeIDE_1.16.0/STM32CubeIDE/plugins/com.st.stm32cube.ide.mcu.externaltools.gnu-tools-for-stm32.12.3.rel1.win32_1.0.200.202406191623/tools/bin/../lib/gcc/arm-none-eabi/12.3.1/../../../../arm-none-eabi/lib/thumb/v7-m/nofp\libc_nano.a
LOAD E:/stm32cubeide/STM32CubeIDE_1.16.0/STM32CubeIDE/plugins/com.st.stm32cube.ide.mcu.externaltools.gnu-tools-for-stm32.12.3.rel1.win32_1.0.200.202406191623/tools/bin/../lib/gcc/arm-none-eabi/12.3.1/../../../../arm-none-eabi/lib/thumb/v7-m/nofp\libnosys.a
END GROUP
LOAD E:/stm32cubeide/STM32CubeIDE_1.16.0/STM32CubeIDE/plugins/com.st.stm32cube.ide.mcu.externaltools.gnu-tools-for-stm32.12.3.rel1.win32_1.0.200.202406191623/tools/bin/../lib/gcc/arm-none-eabi/12.3.1/thumb/v7-m/nofp/crtend.o
LOAD E:/stm32cubeide/STM32CubeIDE_1.16.0/STM32CubeIDE/plugins/com.st.stm32cube.ide.mcu.externaltools.gnu-tools-for-stm32.12.3.rel1.win32_1.0.200.202406191623/tools/bin/../lib/gcc/arm-none-eabi/12.3.1/thumb/v7-m/nofp/crtn.o
                0x20001000                        _estack = (ORIGIN (RAM) + LENGTH (RAM))
                0x00000200                        _Min_Heap_Size = 0x200
                0x00000400                        _Min_Stack_Size = 0x400

.isr_vector     0x08000000      0x1d0
                0x08000000                        . = ALIGN (0x4)
 *(.isr_vector)
 .isr_vector    0x08000000      0x1d0 ./Core/Startup/startup_stm32f100c6tx.o
                0x08000000                g_pfnVectors
                0x080001d0                        . = ALIGN (0x4)

.text           0x080001d0     0x1d88
                0x080001d0                        . = ALIGN (0x4)
 *(.text)
 .text          0x080001d0       0x40 E:/stm32cubeide/STM32CubeIDE_1.16.0/STM32CubeIDE/plugins/com.st.stm32cube.ide.mcu.externaltools.gnu-tools-for-stm32.12.3.rel1.win32_1.0.200.202406191623/tools/bin/../lib/gcc/arm-none-eabi/12.3.1/thumb/v7-m/nofp/crtbegin.o
 *(.text*)
 .text.System_Lab2_init
                0x08000210       0x1c ./Core/Src/Lab2.o
                0x08000210                System_Lab2_init
 .text.updateLEDMatrix
                0x0800022c       0x8c ./Core/Src/Lab2.o
                0x0800022c                updateLEDMatrix
 .text.animation_shift_left
                0x080002b8       0xb0 ./Core/Src/Lab2.o
                0x080002b8                animation_shift_left
 .text.Exercise_10
                0x08000368       0x50 ./Core/Src/Lab2.o
                0x08000368                Exercise_10
 .text.En_Col_Led_Matrix
                0x080003b8       0x9c ./Core/Src/config_GPIO_Led_Matrix.o
                0x080003b8                En_Col_Led_Matrix
 .text.Write_data_Row
                0x08000454       0xa0 ./Core/Src/config_GPIO_Led_Matrix.o
                0x08000454                Write_data_Row
 .text.main     0x080004f4       0x1e ./Core/Src/main.o
                0x080004f4                main
 .text.SystemClock_Config
                0x08000512       0x76 ./Core/Src/main.o
                0x08000512                SystemClock_Config
 .text.MX_TIM2_Init
                0x08000588       0x98 ./Core/Src/main.o
 .text.MX_GPIO_Init
                0x08000620       0xac ./Core/Src/main.o
 .text.Error_Handler
                0x080006cc        0xc ./Core/Src/main.o
                0x080006cc                Error_Handler
 .text.timer_init
                0x080006d8       0x14 ./Core/Src/software_timer.o
                0x080006d8                timer_init
 .text.setTimer
                0x080006ec       0x58 ./Core/Src/software_timer.o
                0x080006ec                setTimer
 .text.timer_run
                0x08000744       0x64 ./Core/Src/software_timer.o
                0x08000744                timer_run
 .text.HAL_TIM_PeriodElapsedCallback
                0x080007a8       0x36 ./Core/Src/software_timer.o
                0x080007a8                HAL_TIM_PeriodElapsedCallback
 *fill*         0x080007de        0x2 
 .text.HAL_MspInit
                0x080007e0       0x64 ./Core/Src/stm32f1xx_hal_msp.o
                0x080007e0                HAL_MspInit
 .text.HAL_TIM_Base_MspInit
                0x08000844       0x48 ./Core/Src/stm32f1xx_hal_msp.o
                0x08000844                HAL_TIM_Base_MspInit
 .text.NMI_Handler
                0x0800088c        0x8 ./Core/Src/stm32f1xx_it.o
                0x0800088c                NMI_Handler
 .text.HardFault_Handler
                0x08000894        0x8 ./Core/Src/stm32f1xx_it.o
                0x08000894                HardFault_Handler
 .text.MemManage_Handler
                0x0800089c        0x8 ./Core/Src/stm32f1xx_it.o
                0x0800089c                MemManage_Handler
 .text.BusFault_Handler
                0x080008a4        0x8 ./Core/Src/stm32f1xx_it.o
                0x080008a4                BusFault_Handler
 .text.UsageFault_Handler
                0x080008ac        0x8 ./Core/Src/stm32f1xx_it.o
                0x080008ac                UsageFault_Handler
 .text.SVC_Handler
                0x080008b4        0xc ./Core/Src/stm32f1xx_it.o
                0x080008b4                SVC_Handler
 .text.DebugMon_Handler
                0x080008c0        0xc ./Core/Src/stm32f1xx_it.o
                0x080008c0                DebugMon_Handler
 .text.PendSV_Handler
                0x080008cc        0xc ./Core/Src/stm32f1xx_it.o
                0x080008cc                PendSV_Handler
 .text.SysTick_Handler
                0x080008d8        0xc ./Core/Src/stm32f1xx_it.o
                0x080008d8                SysTick_Handler
 .text.TIM2_IRQHandler
                0x080008e4       0x14 ./Core/Src/stm32f1xx_it.o
                0x080008e4                TIM2_IRQHandler
 .text.SystemInit
                0x080008f8        0xc ./Core/Src/system_stm32f1xx.o
                0x080008f8                SystemInit
 .text.Reset_Handler
                0x08000904       0x48 ./Core/Startup/startup_stm32f100c6tx.o
                0x08000904                Reset_Handler
 .text.Default_Handler
                0x0800094c        0x2 ./Core/Startup/startup_stm32f100c6tx.o
                0x0800094c                RTC_Alarm_IRQHandler
                0x0800094c                EXTI2_IRQHandler
                0x0800094c                TIM1_CC_IRQHandler
                0x0800094c                PVD_IRQHandler
                0x0800094c                EXTI3_IRQHandler
                0x0800094c                EXTI0_IRQHandler
                0x0800094c                TIM1_UP_TIM16_IRQHandler
                0x0800094c                SPI1_IRQHandler
                0x0800094c                TAMPER_IRQHandler
                0x0800094c                TIM6_DAC_IRQHandler
                0x0800094c                DMA1_Channel4_IRQHandler
                0x0800094c                ADC1_IRQHandler
                0x0800094c                USART3_IRQHandler
                0x0800094c                RTC_IRQHandler
                0x0800094c                DMA1_Channel7_IRQHandler
                0x0800094c                TIM4_IRQHandler
                0x0800094c                I2C1_EV_IRQHandler
                0x0800094c                DMA1_Channel6_IRQHandler
                0x0800094c                TIM3_IRQHandler
                0x0800094c                RCC_IRQHandler
                0x0800094c                DMA1_Channel1_IRQHandler
                0x0800094c                Default_Handler
                0x0800094c                CEC_IRQHandler
                0x0800094c                EXTI15_10_IRQHandler
                0x0800094c                TIM7_IRQHandler
                0x0800094c                EXTI9_5_IRQHandler
                0x0800094c                SPI2_IRQHandler
                0x0800094c                DMA1_Channel5_IRQHandler
                0x0800094c                EXTI4_IRQHandler
                0x0800094c                TIM1_TRG_COM_TIM17_IRQHandler
                0x0800094c                DMA1_Channel3_IRQHandler
                0x0800094c                WWDG_IRQHandler
                0x0800094c                EXTI1_IRQHandler
                0x0800094c                USART2_IRQHandler
                0x0800094c                DMA1_Channel2_IRQHandler
                0x0800094c                FLASH_IRQHandler
                0x0800094c                USART1_IRQHandler
                0x0800094c                I2C1_ER_IRQHandler
                0x0800094c                TIM1_BRK_TIM15_IRQHandler
 .text.HAL_Init
                0x0800094e       0x1a ./Drivers/STM32F1xx_HAL_Driver/Src/stm32f1xx_hal.o
                0x0800094e                HAL_Init
 .text.HAL_InitTick
                0x08000968       0x60 ./Drivers/STM32F1xx_HAL_Driver/Src/stm32f1xx_hal.o
                0x08000968                HAL_InitTick
 .text.HAL_IncTick
                0x080009c8       0x24 ./Drivers/STM32F1xx_HAL_Driver/Src/stm32f1xx_hal.o
                0x080009c8                HAL_IncTick
 .text.HAL_GetTick
                0x080009ec       0x14 ./Drivers/STM32F1xx_HAL_Driver/Src/stm32f1xx_hal.o
                0x080009ec                HAL_GetTick
 .text.__NVIC_SetPriorityGrouping
                0x08000a00       0x48 ./Drivers/STM32F1xx_HAL_Driver/Src/stm32f1xx_hal_cortex.o
 .text.__NVIC_GetPriorityGrouping
                0x08000a48       0x1c ./Drivers/STM32F1xx_HAL_Driver/Src/stm32f1xx_hal_cortex.o
 .text.__NVIC_EnableIRQ
                0x08000a64       0x38 ./Drivers/STM32F1xx_HAL_Driver/Src/stm32f1xx_hal_cortex.o
 .text.__NVIC_SetPriority
                0x08000a9c       0x54 ./Drivers/STM32F1xx_HAL_Driver/Src/stm32f1xx_hal_cortex.o
 .text.NVIC_EncodePriority
                0x08000af0       0x64 ./Drivers/STM32F1xx_HAL_Driver/Src/stm32f1xx_hal_cortex.o
 .text.SysTick_Config
                0x08000b54       0x44 ./Drivers/STM32F1xx_HAL_Driver/Src/stm32f1xx_hal_cortex.o
 .text.HAL_NVIC_SetPriorityGrouping
                0x08000b98       0x16 ./Drivers/STM32F1xx_HAL_Driver/Src/stm32f1xx_hal_cortex.o
                0x08000b98                HAL_NVIC_SetPriorityGrouping
 .text.HAL_NVIC_SetPriority
                0x08000bae       0x38 ./Drivers/STM32F1xx_HAL_Driver/Src/stm32f1xx_hal_cortex.o
                0x08000bae                HAL_NVIC_SetPriority
 .text.HAL_NVIC_EnableIRQ
                0x08000be6       0x1c ./Drivers/STM32F1xx_HAL_Driver/Src/stm32f1xx_hal_cortex.o
                0x08000be6                HAL_NVIC_EnableIRQ
 .text.HAL_SYSTICK_Config
                0x08000c02       0x18 ./Drivers/STM32F1xx_HAL_Driver/Src/stm32f1xx_hal_cortex.o
                0x08000c02                HAL_SYSTICK_Config
 *fill*         0x08000c1a        0x2 
 .text.HAL_GPIO_Init
                0x08000c1c      0x308 ./Drivers/STM32F1xx_HAL_Driver/Src/stm32f1xx_hal_gpio.o
                0x08000c1c                HAL_GPIO_Init
 .text.HAL_GPIO_WritePin
                0x08000f24       0x30 ./Drivers/STM32F1xx_HAL_Driver/Src/stm32f1xx_hal_gpio.o
                0x08000f24                HAL_GPIO_WritePin
 .text.HAL_RCC_OscConfig
                0x08000f54      0x504 ./Drivers/STM32F1xx_HAL_Driver/Src/stm32f1xx_hal_rcc.o
                0x08000f54                HAL_RCC_OscConfig
 .text.HAL_RCC_ClockConfig
                0x08001458      0x170 ./Drivers/STM32F1xx_HAL_Driver/Src/stm32f1xx_hal_rcc.o
                0x08001458                HAL_RCC_ClockConfig
 .text.HAL_RCC_GetSysClockFreq
                0x080015c8       0xa4 ./Drivers/STM32F1xx_HAL_Driver/Src/stm32f1xx_hal_rcc.o
                0x080015c8                HAL_RCC_GetSysClockFreq
 .text.RCC_Delay
                0x0800166c       0x3c ./Drivers/STM32F1xx_HAL_Driver/Src/stm32f1xx_hal_rcc.o
 .text.HAL_TIM_Base_Init
                0x080016a8       0x9e ./Drivers/STM32F1xx_HAL_Driver/Src/stm32f1xx_hal_tim.o
                0x080016a8                HAL_TIM_Base_Init
 *fill*         0x08001746        0x2 
 .text.HAL_TIM_Base_Start_IT
                0x08001748       0xb4 ./Drivers/STM32F1xx_HAL_Driver/Src/stm32f1xx_hal_tim.o
                0x08001748                HAL_TIM_Base_Start_IT
 .text.HAL_TIM_IRQHandler
                0x080017fc      0x1e0 ./Drivers/STM32F1xx_HAL_Driver/Src/stm32f1xx_hal_tim.o
                0x080017fc                HAL_TIM_IRQHandler
 .text.HAL_TIM_ConfigClockSource
                0x080019dc      0x18e ./Drivers/STM32F1xx_HAL_Driver/Src/stm32f1xx_hal_tim.o
                0x080019dc                HAL_TIM_ConfigClockSource
 .text.HAL_TIM_OC_DelayElapsedCallback
                0x08001b6a       0x12 ./Drivers/STM32F1xx_HAL_Driver/Src/stm32f1xx_hal_tim.o
                0x08001b6a                HAL_TIM_OC_DelayElapsedCallback
 .text.HAL_TIM_IC_CaptureCallback
                0x08001b7c       0x12 ./Drivers/STM32F1xx_HAL_Driver/Src/stm32f1xx_hal_tim.o
                0x08001b7c                HAL_TIM_IC_CaptureCallback
 .text.HAL_TIM_PWM_PulseFinishedCallback
                0x08001b8e       0x12 ./Drivers/STM32F1xx_HAL_Driver/Src/stm32f1xx_hal_tim.o
                0x08001b8e                HAL_TIM_PWM_PulseFinishedCallback
 .text.HAL_TIM_TriggerCallback
                0x08001ba0       0x12 ./Drivers/STM32F1xx_HAL_Driver/Src/stm32f1xx_hal_tim.o
                0x08001ba0                HAL_TIM_TriggerCallback
 *fill*         0x08001bb2        0x2 
 .text.TIM_Base_SetConfig
                0x08001bb4      0x118 ./Drivers/STM32F1xx_HAL_Driver/Src/stm32f1xx_hal_tim.o
                0x08001bb4                TIM_Base_SetConfig
 .text.TIM_TI1_ConfigInputStage
                0x08001ccc       0x5c ./Drivers/STM32F1xx_HAL_Driver/Src/stm32f1xx_hal_tim.o
 .text.TIM_TI2_ConfigInputStage
                0x08001d28       0x5e ./Drivers/STM32F1xx_HAL_Driver/Src/stm32f1xx_hal_tim.o
 .text.TIM_ITRx_SetConfig
                0x08001d86       0x34 ./Drivers/STM32F1xx_HAL_Driver/Src/stm32f1xx_hal_tim.o
 .text.TIM_ETR_SetConfig
                0x08001dba       0x3e ./Drivers/STM32F1xx_HAL_Driver/Src/stm32f1xx_hal_tim.o
                0x08001dba                TIM_ETR_SetConfig
 .text.HAL_TIMEx_MasterConfigSynchronization
                0x08001df8       0xcc ./Drivers/STM32F1xx_HAL_Driver/Src/stm32f1xx_hal_tim_ex.o
                0x08001df8                HAL_TIMEx_MasterConfigSynchronization
 .text.HAL_TIMEx_CommutCallback
                0x08001ec4       0x12 ./Drivers/STM32F1xx_HAL_Driver/Src/stm32f1xx_hal_tim_ex.o
                0x08001ec4                HAL_TIMEx_CommutCallback
 .text.HAL_TIMEx_BreakCallback
                0x08001ed6       0x12 ./Drivers/STM32F1xx_HAL_Driver/Src/stm32f1xx_hal_tim_ex.o
                0x08001ed6                HAL_TIMEx_BreakCallback
 .text.memset   0x08001ee8       0x10 E:/stm32cubeide/STM32CubeIDE_1.16.0/STM32CubeIDE/plugins/com.st.stm32cube.ide.mcu.externaltools.gnu-tools-for-stm32.12.3.rel1.win32_1.0.200.202406191623/tools/bin/../lib/gcc/arm-none-eabi/12.3.1/../../../../arm-none-eabi/lib/thumb/v7-m/nofp\libc_nano.a(libc_a-memset.o)
                0x08001ee8                memset
 .text.__libc_init_array
                0x08001ef8       0x48 E:/stm32cubeide/STM32CubeIDE_1.16.0/STM32CubeIDE/plugins/com.st.stm32cube.ide.mcu.externaltools.gnu-tools-for-stm32.12.3.rel1.win32_1.0.200.202406191623/tools/bin/../lib/gcc/arm-none-eabi/12.3.1/../../../../arm-none-eabi/lib/thumb/v7-m/nofp\libc_nano.a(libc_a-init.o)
                0x08001ef8                __libc_init_array
 *(.glue_7)
 .glue_7        0x08001f40        0x0 linker stubs
 *(.glue_7t)
 .glue_7t       0x08001f40        0x0 linker stubs
 *(.eh_frame)
 .eh_frame      0x08001f40        0x0 E:/stm32cubeide/STM32CubeIDE_1.16.0/STM32CubeIDE/plugins/com.st.stm32cube.ide.mcu.externaltools.gnu-tools-for-stm32.12.3.rel1.win32_1.0.200.202406191623/tools/bin/../lib/gcc/arm-none-eabi/12.3.1/thumb/v7-m/nofp/crtbegin.o
 *(.init)
 .init          0x08001f40        0x4 E:/stm32cubeide/STM32CubeIDE_1.16.0/STM32CubeIDE/plugins/com.st.stm32cube.ide.mcu.externaltools.gnu-tools-for-stm32.12.3.rel1.win32_1.0.200.202406191623/tools/bin/../lib/gcc/arm-none-eabi/12.3.1/thumb/v7-m/nofp/crti.o
                0x08001f40                _init
 .init          0x08001f44        0x8 E:/stm32cubeide/STM32CubeIDE_1.16.0/STM32CubeIDE/plugins/com.st.stm32cube.ide.mcu.externaltools.gnu-tools-for-stm32.12.3.rel1.win32_1.0.200.202406191623/tools/bin/../lib/gcc/arm-none-eabi/12.3.1/thumb/v7-m/nofp/crtn.o
 *(.fini)
 .fini          0x08001f4c        0x4 E:/stm32cubeide/STM32CubeIDE_1.16.0/STM32CubeIDE/plugins/com.st.stm32cube.ide.mcu.externaltools.gnu-tools-for-stm32.12.3.rel1.win32_1.0.200.202406191623/tools/bin/../lib/gcc/arm-none-eabi/12.3.1/thumb/v7-m/nofp/crti.o
                0x08001f4c                _fini
 .fini          0x08001f50        0x8 E:/stm32cubeide/STM32CubeIDE_1.16.0/STM32CubeIDE/plugins/com.st.stm32cube.ide.mcu.externaltools.gnu-tools-for-stm32.12.3.rel1.win32_1.0.200.202406191623/tools/bin/../lib/gcc/arm-none-eabi/12.3.1/thumb/v7-m/nofp/crtn.o
                0x08001f58                        . = ALIGN (0x4)
                0x08001f58                        _etext = .

.vfp11_veneer   0x08001f58        0x0
 .vfp11_veneer  0x08001f58        0x0 linker stubs

.v4_bx          0x08001f58        0x0
 .v4_bx         0x08001f58        0x0 linker stubs

.iplt           0x08001f58        0x0
 .iplt          0x08001f58        0x0 E:/stm32cubeide/STM32CubeIDE_1.16.0/STM32CubeIDE/plugins/com.st.stm32cube.ide.mcu.externaltools.gnu-tools-for-stm32.12.3.rel1.win32_1.0.200.202406191623/tools/bin/../lib/gcc/arm-none-eabi/12.3.1/thumb/v7-m/nofp/crtbegin.o

.rodata         0x08001f58       0x30
                0x08001f58                        . = ALIGN (0x4)
 *(.rodata)
 *(.rodata*)
 .rodata.AHBPrescTable
                0x08001f58       0x10 ./Core/Src/system_stm32f1xx.o
                0x08001f58                AHBPrescTable
 .rodata.aPLLMULFactorTable.1
                0x08001f68       0x10 ./Drivers/STM32F1xx_HAL_Driver/Src/stm32f1xx_hal_rcc.o
 .rodata.aPredivFactorTable.0
                0x08001f78       0x10 ./Drivers/STM32F1xx_HAL_Driver/Src/stm32f1xx_hal_rcc.o
                0x08001f88                        . = ALIGN (0x4)

.ARM.extab      0x08001f88        0x0
                0x08001f88                        . = ALIGN (0x4)
 *(.ARM.extab* .gnu.linkonce.armextab.*)
                0x08001f88                        . = ALIGN (0x4)

.ARM            0x08001f88        0x0
                0x08001f88                        . = ALIGN (0x4)
                0x08001f88                        __exidx_start = .
 *(.ARM.exidx*)
                0x08001f88                        __exidx_end = .
                0x08001f88                        . = ALIGN (0x4)

.preinit_array  0x08001f88        0x0
                0x08001f88                        . = ALIGN (0x4)
                0x08001f88                        PROVIDE (__preinit_array_start = .)
 *(.preinit_array*)
                0x08001f88                        PROVIDE (__preinit_array_end = .)
                0x08001f88                        . = ALIGN (0x4)

.init_array     0x08001f88        0x4
                0x08001f88                        . = ALIGN (0x4)
                0x08001f88                        PROVIDE (__init_array_start = .)
 *(SORT_BY_NAME(.init_array.*))
 *(.init_array*)
 .init_array    0x08001f88        0x4 E:/stm32cubeide/STM32CubeIDE_1.16.0/STM32CubeIDE/plugins/com.st.stm32cube.ide.mcu.externaltools.gnu-tools-for-stm32.12.3.rel1.win32_1.0.200.202406191623/tools/bin/../lib/gcc/arm-none-eabi/12.3.1/thumb/v7-m/nofp/crtbegin.o
                0x08001f8c                        PROVIDE (__init_array_end = .)
                0x08001f8c                        . = ALIGN (0x4)

.fini_array     0x08001f8c        0x4
                0x08001f8c                        . = ALIGN (0x4)
                [!provide]                        PROVIDE (__fini_array_start = .)
 *(SORT_BY_NAME(.fini_array.*))
 *(.fini_array*)
 .fini_array    0x08001f8c        0x4 E:/stm32cubeide/STM32CubeIDE_1.16.0/STM32CubeIDE/plugins/com.st.stm32cube.ide.mcu.externaltools.gnu-tools-for-stm32.12.3.rel1.win32_1.0.200.202406191623/tools/bin/../lib/gcc/arm-none-eabi/12.3.1/thumb/v7-m/nofp/crtbegin.o
                [!provide]                        PROVIDE (__fini_array_end = .)
                0x08001f90                        . = ALIGN (0x4)
                0x08001f90                        _sidata = LOADADDR (.data)

.rel.dyn        0x08001f90        0x0
 .rel.iplt      0x08001f90        0x0 E:/stm32cubeide/STM32CubeIDE_1.16.0/STM32CubeIDE/plugins/com.st.stm32cube.ide.mcu.externaltools.gnu-tools-for-stm32.12.3.rel1.win32_1.0.200.202406191623/tools/bin/../lib/gcc/arm-none-eabi/12.3.1/thumb/v7-m/nofp/crtbegin.o

.data           0x20000000       0xd0 load address 0x08001f90
                0x20000000                        . = ALIGN (0x4)
                0x20000000                        _sdata = .
 *(.data)
 *(.data*)
 .data.matrix_buffer_col
                0x20000000       0x20 ./Core/Src/Lab2.o
                0x20000000                matrix_buffer_col
 .data.Col_Code_One_Hot
                0x20000020       0x20 ./Core/Src/Lab2.o
                0x20000020                Col_Code_One_Hot
 .data.characterHEX
                0x20000040       0x60 ./Core/Src/Lab2.o
                0x20000040                characterHEX
 .data.counter  0x200000a0        0x1 ./Core/Src/Lab2.o
                0x200000a0                counter
 *fill*         0x200000a1        0x3 
 .data.En_Col   0x200000a4       0x20 ./Core/Src/config_GPIO_Led_Matrix.o
                0x200000a4                En_Col
 .data.SystemCoreClock
                0x200000c4        0x4 ./Core/Src/system_stm32f1xx.o
                0x200000c4                SystemCoreClock
 .data.uwTickPrio
                0x200000c8        0x4 ./Drivers/STM32F1xx_HAL_Driver/Src/stm32f1xx_hal.o
                0x200000c8                uwTickPrio
 .data.uwTickFreq
                0x200000cc        0x1 ./Drivers/STM32F1xx_HAL_Driver/Src/stm32f1xx_hal.o
                0x200000cc                uwTickFreq
 *(.RamFunc)
 *(.RamFunc*)
                0x200000d0                        . = ALIGN (0x4)
 *fill*         0x200000cd        0x3 
                0x200000d0                        _edata = .

.igot.plt       0x200000d0        0x0 load address 0x08002060
 .igot.plt      0x200000d0        0x0 E:/stm32cubeide/STM32CubeIDE_1.16.0/STM32CubeIDE/plugins/com.st.stm32cube.ide.mcu.externaltools.gnu-tools-for-stm32.12.3.rel1.win32_1.0.200.202406191623/tools/bin/../lib/gcc/arm-none-eabi/12.3.1/thumb/v7-m/nofp/crtbegin.o
                0x200000d0                        . = ALIGN (0x4)

.bss            0x200000d0       0xcc load address 0x08002060
                0x200000d0                        _sbss = .
                0x200000d0                        __bss_start__ = _sbss
 *(.bss)
 .bss           0x200000d0       0x1c E:/stm32cubeide/STM32CubeIDE_1.16.0/STM32CubeIDE/plugins/com.st.stm32cube.ide.mcu.externaltools.gnu-tools-for-stm32.12.3.rel1.win32_1.0.200.202406191623/tools/bin/../lib/gcc/arm-none-eabi/12.3.1/thumb/v7-m/nofp/crtbegin.o
 *(.bss*)
 .bss.index_led_matrix
                0x200000ec        0x4 ./Core/Src/Lab2.o
                0x200000ec                index_led_matrix
 .bss.data_character
                0x200000f0        0x1 ./Core/Src/Lab2.o
                0x200000f0                data_character
 *fill*         0x200000f1        0x3 
 .bss.data_pin_row
                0x200000f4       0x20 ./Core/Src/config_GPIO_Led_Matrix.o
                0x200000f4                data_pin_row
 .bss.htim2     0x20000114       0x48 ./Core/Src/main.o
                0x20000114                htim2
 .bss.flag_timer
                0x2000015c       0x14 ./Core/Src/software_timer.o
                0x2000015c                flag_timer
 .bss.timer_counter
                0x20000170       0x14 ./Core/Src/software_timer.o
                0x20000170                timer_counter
 .bss.timer_MUL
                0x20000184       0x14 ./Core/Src/software_timer.o
                0x20000184                timer_MUL
 .bss.uwTick    0x20000198        0x4 ./Drivers/STM32F1xx_HAL_Driver/Src/stm32f1xx_hal.o
                0x20000198                uwTick
 *(COMMON)
                0x2000019c                        . = ALIGN (0x4)
                0x2000019c                        _ebss = .
                0x2000019c                        __bss_end__ = _ebss

._user_heap_stack
                0x2000019c      0x604 load address 0x08002060
                0x200001a0                        . = ALIGN (0x8)
 *fill*         0x2000019c        0x4 
                [!provide]                        PROVIDE (end = .)
                0x200001a0                        PROVIDE (_end = .)
                0x200003a0                        . = (. + _Min_Heap_Size)
 *fill*         0x200001a0      0x200 
                0x200007a0                        . = (. + _Min_Stack_Size)
 *fill*         0x200003a0      0x400 
                0x200007a0                        . = ALIGN (0x8)

/DISCARD/
 libc.a(*)
 libm.a(*)
 libgcc.a(*)

.ARM.attributes
                0x00000000       0x29
 *(.ARM.attributes)
 .ARM.attributes
                0x00000000       0x1d E:/stm32cubeide/STM32CubeIDE_1.16.0/STM32CubeIDE/plugins/com.st.stm32cube.ide.mcu.externaltools.gnu-tools-for-stm32.12.3.rel1.win32_1.0.200.202406191623/tools/bin/../lib/gcc/arm-none-eabi/12.3.1/thumb/v7-m/nofp/crti.o
 .ARM.attributes
                0x0000001d       0x2d E:/stm32cubeide/STM32CubeIDE_1.16.0/STM32CubeIDE/plugins/com.st.stm32cube.ide.mcu.externaltools.gnu-tools-for-stm32.12.3.rel1.win32_1.0.200.202406191623/tools/bin/../lib/gcc/arm-none-eabi/12.3.1/thumb/v7-m/nofp/crtbegin.o
 .ARM.attributes
                0x0000004a       0x2d ./Core/Src/Lab2.o
 .ARM.attributes
                0x00000077       0x2d ./Core/Src/config_GPIO_Led_Matrix.o
 .ARM.attributes
                0x000000a4       0x2d ./Core/Src/main.o
 .ARM.attributes
                0x000000d1       0x2d ./Core/Src/software_timer.o
 .ARM.attributes
                0x000000fe       0x2d ./Core/Src/stm32f1xx_hal_msp.o
 .ARM.attributes
                0x0000012b       0x2d ./Core/Src/stm32f1xx_it.o
 .ARM.attributes
                0x00000158       0x2d ./Core/Src/system_stm32f1xx.o
 .ARM.attributes
                0x00000185       0x21 ./Core/Startup/startup_stm32f100c6tx.o
 .ARM.attributes
                0x000001a6       0x2d ./Drivers/STM32F1xx_HAL_Driver/Src/stm32f1xx_hal.o
 .ARM.attributes
                0x000001d3       0x2d ./Drivers/STM32F1xx_HAL_Driver/Src/stm32f1xx_hal_cortex.o
 .ARM.attributes
                0x00000200       0x2d ./Drivers/STM32F1xx_HAL_Driver/Src/stm32f1xx_hal_gpio.o
 .ARM.attributes
                0x0000022d       0x2d ./Drivers/STM32F1xx_HAL_Driver/Src/stm32f1xx_hal_rcc.o
 .ARM.attributes
                0x0000025a       0x2d ./Drivers/STM32F1xx_HAL_Driver/Src/stm32f1xx_hal_tim.o
 .ARM.attributes
                0x00000287       0x2d ./Drivers/STM32F1xx_HAL_Driver/Src/stm32f1xx_hal_tim_ex.o
 .ARM.attributes
                0x000002b4       0x2d E:/stm32cubeide/STM32CubeIDE_1.16.0/STM32CubeIDE/plugins/com.st.stm32cube.ide.mcu.externaltools.gnu-tools-for-stm32.12.3.rel1.win32_1.0.200.202406191623/tools/bin/../lib/gcc/arm-none-eabi/12.3.1/../../../../arm-none-eabi/lib/thumb/v7-m/nofp\libc_nano.a(libc_a-memset.o)
 .ARM.attributes
                0x000002e1       0x2d E:/stm32cubeide/STM32CubeIDE_1.16.0/STM32CubeIDE/plugins/com.st.stm32cube.ide.mcu.externaltools.gnu-tools-for-stm32.12.3.rel1.win32_1.0.200.202406191623/tools/bin/../lib/gcc/arm-none-eabi/12.3.1/../../../../arm-none-eabi/lib/thumb/v7-m/nofp\libc_nano.a(libc_a-init.o)
 .ARM.attributes
                0x0000030e       0x1d E:/stm32cubeide/STM32CubeIDE_1.16.0/STM32CubeIDE/plugins/com.st.stm32cube.ide.mcu.externaltools.gnu-tools-for-stm32.12.3.rel1.win32_1.0.200.202406191623/tools/bin/../lib/gcc/arm-none-eabi/12.3.1/thumb/v7-m/nofp/crtn.o
OUTPUT(Lab2_f1.elf elf32-littlearm)
LOAD linker stubs
LOAD E:/stm32cubeide/STM32CubeIDE_1.16.0/STM32CubeIDE/plugins/com.st.stm32cube.ide.mcu.externaltools.gnu-tools-for-stm32.12.3.rel1.win32_1.0.200.202406191623/tools/bin/../lib/gcc/arm-none-eabi/12.3.1/../../../../arm-none-eabi/lib/thumb/v7-m/nofp\libc.a
LOAD E:/stm32cubeide/STM32CubeIDE_1.16.0/STM32CubeIDE/plugins/com.st.stm32cube.ide.mcu.externaltools.gnu-tools-for-stm32.12.3.rel1.win32_1.0.200.202406191623/tools/bin/../lib/gcc/arm-none-eabi/12.3.1/../../../../arm-none-eabi/lib/thumb/v7-m/nofp\libm.a
LOAD E:/stm32cubeide/STM32CubeIDE_1.16.0/STM32CubeIDE/plugins/com.st.stm32cube.ide.mcu.externaltools.gnu-tools-for-stm32.12.3.rel1.win32_1.0.200.202406191623/tools/bin/../lib/gcc/arm-none-eabi/12.3.1/thumb/v7-m/nofp\libgcc.a

.debug_info     0x00000000     0x8536
 .debug_info    0x00000000      0x271 ./Core/Src/Lab2.o
 .debug_info    0x00000271      0x1be ./Core/Src/config_GPIO_Led_Matrix.o
 .debug_info    0x0000042f      0xb5c ./Core/Src/main.o
 .debug_info    0x00000f8b      0x746 ./Core/Src/software_timer.o
 .debug_info    0x000016d1      0x948 ./Core/Src/stm32f1xx_hal_msp.o
 .debug_info    0x00002019      0x6a1 ./Core/Src/stm32f1xx_it.o
 .debug_info    0x000026ba      0x236 ./Core/Src/system_stm32f1xx.o
 .debug_info    0x000028f0       0x30 ./Core/Startup/startup_stm32f100c6tx.o
 .debug_info    0x00002920      0x67d ./Drivers/STM32F1xx_HAL_Driver/Src/stm32f1xx_hal.o
 .debug_info    0x00002f9d      0xa7b ./Drivers/STM32F1xx_HAL_Driver/Src/stm32f1xx_hal_cortex.o
 .debug_info    0x00003a18      0x5c5 ./Drivers/STM32F1xx_HAL_Driver/Src/stm32f1xx_hal_gpio.o
 .debug_info    0x00003fdd      0x765 ./Drivers/STM32F1xx_HAL_Driver/Src/stm32f1xx_hal_rcc.o
 .debug_info    0x00004742     0x2959 ./Drivers/STM32F1xx_HAL_Driver/Src/stm32f1xx_hal_tim.o
 .debug_info    0x0000709b     0x149b ./Drivers/STM32F1xx_HAL_Driver/Src/stm32f1xx_hal_tim_ex.o

.debug_abbrev   0x00000000     0x19d5
 .debug_abbrev  0x00000000      0x136 ./Core/Src/Lab2.o
 .debug_abbrev  0x00000136      0x118 ./Core/Src/config_GPIO_Led_Matrix.o
 .debug_abbrev  0x0000024e      0x282 ./Core/Src/main.o
 .debug_abbrev  0x000004d0      0x1ea ./Core/Src/software_timer.o
 .debug_abbrev  0x000006ba      0x1ad ./Core/Src/stm32f1xx_hal_msp.o
 .debug_abbrev  0x00000867      0x191 ./Core/Src/stm32f1xx_it.o
 .debug_abbrev  0x000009f8      0x119 ./Core/Src/system_stm32f1xx.o
 .debug_abbrev  0x00000b11       0x24 ./Core/Startup/startup_stm32f100c6tx.o
 .debug_abbrev  0x00000b35      0x233 ./Drivers/STM32F1xx_HAL_Driver/Src/stm32f1xx_hal.o
 .debug_abbrev  0x00000d68      0x2f8 ./Drivers/STM32F1xx_HAL_Driver/Src/stm32f1xx_hal_cortex.o
 .debug_abbrev  0x00001060      0x1ca ./Drivers/STM32F1xx_HAL_Driver/Src/stm32f1xx_hal_gpio.o
 .debug_abbrev  0x0000122a      0x2b2 ./Drivers/STM32F1xx_HAL_Driver/Src/stm32f1xx_hal_rcc.o
 .debug_abbrev  0x000014dc      0x277 ./Drivers/STM32F1xx_HAL_Driver/Src/stm32f1xx_hal_tim.o
 .debug_abbrev  0x00001753      0x282 ./Drivers/STM32F1xx_HAL_Driver/Src/stm32f1xx_hal_tim_ex.o

.debug_aranges  0x00000000      0x9c0
 .debug_aranges
                0x00000000       0x38 ./Core/Src/Lab2.o
 .debug_aranges
                0x00000038       0x28 ./Core/Src/config_GPIO_Led_Matrix.o
 .debug_aranges
                0x00000060       0x40 ./Core/Src/main.o
 .debug_aranges
                0x000000a0       0x38 ./Core/Src/software_timer.o
 .debug_aranges
                0x000000d8       0x30 ./Core/Src/stm32f1xx_hal_msp.o
 .debug_aranges
                0x00000108       0x68 ./Core/Src/stm32f1xx_it.o
 .debug_aranges
                0x00000170       0x28 ./Core/Src/system_stm32f1xx.o
 .debug_aranges
                0x00000198       0x28 ./Core/Startup/startup_stm32f100c6tx.o
 .debug_aranges
                0x000001c0       0xe0 ./Drivers/STM32F1xx_HAL_Driver/Src/stm32f1xx_hal.o
 .debug_aranges
                0x000002a0      0x100 ./Drivers/STM32F1xx_HAL_Driver/Src/stm32f1xx_hal_cortex.o
 .debug_aranges
                0x000003a0       0x58 ./Drivers/STM32F1xx_HAL_Driver/Src/stm32f1xx_hal_gpio.o
 .debug_aranges
                0x000003f8       0x90 ./Drivers/STM32F1xx_HAL_Driver/Src/stm32f1xx_hal_rcc.o
 .debug_aranges
                0x00000488      0x3d0 ./Drivers/STM32F1xx_HAL_Driver/Src/stm32f1xx_hal_tim.o
 .debug_aranges
                0x00000858      0x168 ./Drivers/STM32F1xx_HAL_Driver/Src/stm32f1xx_hal_tim_ex.o

.debug_rnglists
                0x00000000      0x777
 .debug_rnglists
                0x00000000       0x27 ./Core/Src/Lab2.o
 .debug_rnglists
                0x00000027       0x1b ./Core/Src/config_GPIO_Led_Matrix.o
 .debug_rnglists
                0x00000042       0x2d ./Core/Src/main.o
 .debug_rnglists
                0x0000006f       0x25 ./Core/Src/software_timer.o
 .debug_rnglists
                0x00000094       0x1f ./Core/Src/stm32f1xx_hal_msp.o
 .debug_rnglists
                0x000000b3       0x49 ./Core/Src/stm32f1xx_it.o
 .debug_rnglists
                0x000000fc       0x1a ./Core/Src/system_stm32f1xx.o
 .debug_rnglists
                0x00000116       0x19 ./Core/Startup/startup_stm32f100c6tx.o
 .debug_rnglists
                0x0000012f       0xa3 ./Drivers/STM32F1xx_HAL_Driver/Src/stm32f1xx_hal.o
 .debug_rnglists
                0x000001d2       0xbb ./Drivers/STM32F1xx_HAL_Driver/Src/stm32f1xx_hal_cortex.o
 .debug_rnglists
                0x0000028d       0x3f ./Drivers/STM32F1xx_HAL_Driver/Src/stm32f1xx_hal_gpio.o
 .debug_rnglists
                0x000002cc       0x6c ./Drivers/STM32F1xx_HAL_Driver/Src/stm32f1xx_hal_rcc.o
 .debug_rnglists
                0x00000338      0x31a ./Drivers/STM32F1xx_HAL_Driver/Src/stm32f1xx_hal_tim.o
 .debug_rnglists
                0x00000652      0x125 ./Drivers/STM32F1xx_HAL_Driver/Src/stm32f1xx_hal_tim_ex.o

.debug_macro    0x00000000    0x10ec9
 .debug_macro   0x00000000      0x2e0 ./Core/Src/Lab2.o
 .debug_macro   0x000002e0      0xaa8 ./Core/Src/Lab2.o
 .debug_macro   0x00000d88       0x22 ./Core/Src/Lab2.o
 .debug_macro   0x00000daa       0x8e ./Core/Src/Lab2.o
 .debug_macro   0x00000e38       0x51 ./Core/Src/Lab2.o
 .debug_macro   0x00000e89      0x103 ./Core/Src/Lab2.o
 .debug_macro   0x00000f8c       0x6a ./Core/Src/Lab2.o
 .debug_macro   0x00000ff6      0x1df ./Core/Src/Lab2.o
 .debug_macro   0x000011d5      0x215 ./Core/Src/Lab2.o
 .debug_macro   0x000013ea       0x2e ./Core/Src/Lab2.o
 .debug_macro   0x00001418       0x22 ./Core/Src/Lab2.o
 .debug_macro   0x0000143a       0x1c ./Core/Src/Lab2.o
 .debug_macro   0x00001456       0x22 ./Core/Src/Lab2.o
 .debug_macro   0x00001478       0xbd ./Core/Src/Lab2.o
 .debug_macro   0x00001535      0xd23 ./Core/Src/Lab2.o
 .debug_macro   0x00002258     0x75c9 ./Core/Src/Lab2.o
 .debug_macro   0x00009821       0x6d ./Core/Src/Lab2.o
 .debug_macro   0x0000988e     0x34a2 ./Core/Src/Lab2.o
 .debug_macro   0x0000cd30      0x189 ./Core/Src/Lab2.o
 .debug_macro   0x0000ceb9       0x5c ./Core/Src/Lab2.o
 .debug_macro   0x0000cf15      0x5bc ./Core/Src/Lab2.o
 .debug_macro   0x0000d4d1      0x369 ./Core/Src/Lab2.o
 .debug_macro   0x0000d83a      0x1cb ./Core/Src/Lab2.o
 .debug_macro   0x0000da05      0x114 ./Core/Src/Lab2.o
 .debug_macro   0x0000db19      0x1f1 ./Core/Src/Lab2.o
 .debug_macro   0x0000dd0a       0x27 ./Core/Src/Lab2.o
 .debug_macro   0x0000dd31      0x130 ./Core/Src/Lab2.o
 .debug_macro   0x0000de61      0x1bc ./Core/Src/Lab2.o
 .debug_macro   0x0000e01d       0x34 ./Core/Src/Lab2.o
 .debug_macro   0x0000e051       0x3c ./Core/Src/Lab2.o
 .debug_macro   0x0000e08d       0x57 ./Core/Src/Lab2.o
 .debug_macro   0x0000e0e4       0x6b ./Core/Src/Lab2.o
 .debug_macro   0x0000e14f      0x240 ./Core/Src/Lab2.o
 .debug_macro   0x0000e38f      0x140 ./Core/Src/Lab2.o
 .debug_macro   0x0000e4cf      0x8ed ./Core/Src/Lab2.o
 .debug_macro   0x0000edbc       0x9f ./Core/Src/Lab2.o
 .debug_macro   0x0000ee5b      0x160 ./Core/Src/Lab2.o
 .debug_macro   0x0000efbb       0x22 ./Core/Src/Lab2.o
 .debug_macro   0x0000efdd       0x61 ./Core/Src/Lab2.o
 .debug_macro   0x0000f03e       0x24 ./Core/Src/Lab2.o
 .debug_macro   0x0000f062       0x43 ./Core/Src/Lab2.o
 .debug_macro   0x0000f0a5       0x34 ./Core/Src/Lab2.o
 .debug_macro   0x0000f0d9       0x16 ./Core/Src/Lab2.o
 .debug_macro   0x0000f0ef       0x35 ./Core/Src/Lab2.o
 .debug_macro   0x0000f124      0x369 ./Core/Src/Lab2.o
 .debug_macro   0x0000f48d       0x10 ./Core/Src/Lab2.o
 .debug_macro   0x0000f49d       0x16 ./Core/Src/Lab2.o
 .debug_macro   0x0000f4b3       0x43 ./Core/Src/Lab2.o
 .debug_macro   0x0000f4f6       0x34 ./Core/Src/Lab2.o
 .debug_macro   0x0000f52a       0x10 ./Core/Src/Lab2.o
 .debug_macro   0x0000f53a       0x58 ./Core/Src/Lab2.o
 .debug_macro   0x0000f592       0x8e ./Core/Src/Lab2.o
 .debug_macro   0x0000f620       0x1c ./Core/Src/Lab2.o
 .debug_macro   0x0000f63c      0x177 ./Core/Src/Lab2.o
 .debug_macro   0x0000f7b3       0x16 ./Core/Src/Lab2.o
 .debug_macro   0x0000f7c9       0x16 ./Core/Src/Lab2.o
 .debug_macro   0x0000f7df      0x146 ./Core/Src/Lab2.o
 .debug_macro   0x0000f925       0x16 ./Core/Src/Lab2.o
 .debug_macro   0x0000f93b       0x20 ./Core/Src/Lab2.o
 .debug_macro   0x0000f95b      0x1b1 ./Core/Src/config_GPIO_Led_Matrix.o
 .debug_macro   0x0000fb0c      0x2e4 ./Core/Src/main.o
 .debug_macro   0x0000fdf0      0x1b7 ./Core/Src/software_timer.o
 .debug_macro   0x0000ffa7      0x1a7 ./Core/Src/stm32f1xx_hal_msp.o
 .debug_macro   0x0001014e      0x1b1 ./Core/Src/stm32f1xx_it.o
 .debug_macro   0x000102ff      0x198 ./Core/Src/system_stm32f1xx.o
 .debug_macro   0x00010497      0x1bc ./Drivers/STM32F1xx_HAL_Driver/Src/stm32f1xx_hal.o
 .debug_macro   0x00010653      0x198 ./Drivers/STM32F1xx_HAL_Driver/Src/stm32f1xx_hal_cortex.o
 .debug_macro   0x000107eb      0x203 ./Drivers/STM32F1xx_HAL_Driver/Src/stm32f1xx_hal_gpio.o
 .debug_macro   0x000109ee      0x1aa ./Drivers/STM32F1xx_HAL_Driver/Src/stm32f1xx_hal_rcc.o
 .debug_macro   0x00010b98      0x199 ./Drivers/STM32F1xx_HAL_Driver/Src/stm32f1xx_hal_tim.o
 .debug_macro   0x00010d31      0x198 ./Drivers/STM32F1xx_HAL_Driver/Src/stm32f1xx_hal_tim_ex.o

.debug_line     0x00000000     0xb85b
 .debug_line    0x00000000      0xad9 ./Core/Src/Lab2.o
 .debug_line    0x00000ad9      0x775 ./Core/Src/config_GPIO_Led_Matrix.o
 .debug_line    0x0000124e      0xab3 ./Core/Src/main.o
 .debug_line    0x00001d01      0x78d ./Core/Src/software_timer.o
 .debug_line    0x0000248e      0x721 ./Core/Src/stm32f1xx_hal_msp.o
 .debug_line    0x00002baf      0x7bf ./Core/Src/stm32f1xx_it.o
 .debug_line    0x0000336e      0x758 ./Core/Src/system_stm32f1xx.o
 .debug_line    0x00003ac6       0x78 ./Core/Startup/startup_stm32f100c6tx.o
 .debug_line    0x00003b3e      0x98f ./Drivers/STM32F1xx_HAL_Driver/Src/stm32f1xx_hal.o
 .debug_line    0x000044cd      0xb7c ./Drivers/STM32F1xx_HAL_Driver/Src/stm32f1xx_hal_cortex.o
 .debug_line    0x00005049      0xa29 ./Drivers/STM32F1xx_HAL_Driver/Src/stm32f1xx_hal_gpio.o
 .debug_line    0x00005a72      0xd70 ./Drivers/STM32F1xx_HAL_Driver/Src/stm32f1xx_hal_rcc.o
 .debug_line    0x000067e2     0x3766 ./Drivers/STM32F1xx_HAL_Driver/Src/stm32f1xx_hal_tim.o
 .debug_line    0x00009f48     0x1913 ./Drivers/STM32F1xx_HAL_Driver/Src/stm32f1xx_hal_tim_ex.o

.debug_str      0x00000000    0x67526
 .debug_str     0x00000000    0x64a33 ./Core/Src/Lab2.o
                              0x64d9d (size before relaxing)
 .debug_str     0x00064a33       0x83 ./Core/Src/config_GPIO_Led_Matrix.o
                              0x61542 (size before relaxing)
 .debug_str     0x00064ab6      0x76d ./Core/Src/main.o
                              0x65504 (size before relaxing)
 .debug_str     0x00065223       0x90 ./Core/Src/software_timer.o
                              0x61a46 (size before relaxing)
 .debug_str     0x000652b3      0x31e ./Core/Src/stm32f1xx_hal_msp.o
                              0x61cea (size before relaxing)
 .debug_str     0x000655d1       0xec ./Core/Src/stm32f1xx_it.o
                              0x61a08 (size before relaxing)
 .debug_str     0x000656bd       0x8c ./Core/Src/system_stm32f1xx.o
                              0x61060 (size before relaxing)
 .debug_str     0x00065749       0x44 ./Core/Startup/startup_stm32f100c6tx.o
                                 0x71 (size before relaxing)
 .debug_str     0x0006578d      0x373 ./Drivers/STM32F1xx_HAL_Driver/Src/stm32f1xx_hal.o
                              0x6173f (size before relaxing)
 .debug_str     0x00065b00      0x294 ./Drivers/STM32F1xx_HAL_Driver/Src/stm32f1xx_hal_cortex.o
                              0x616a4 (size before relaxing)
 .debug_str     0x00065d94      0x2f6 ./Drivers/STM32F1xx_HAL_Driver/Src/stm32f1xx_hal_gpio.o
                              0x613d4 (size before relaxing)
 .debug_str     0x0006608a      0x229 ./Drivers/STM32F1xx_HAL_Driver/Src/stm32f1xx_hal_rcc.o
                              0x6145e (size before relaxing)
 .debug_str     0x000662b3      0xde0 ./Drivers/STM32F1xx_HAL_Driver/Src/stm32f1xx_hal_tim.o
                              0x62479 (size before relaxing)
 .debug_str     0x00067093      0x493 ./Drivers/STM32F1xx_HAL_Driver/Src/stm32f1xx_hal_tim_ex.o
                              0x61c85 (size before relaxing)

.comment        0x00000000       0x43
 .comment       0x00000000       0x43 ./Core/Src/Lab2.o
                                 0x44 (size before relaxing)
 .comment       0x00000043       0x44 ./Core/Src/config_GPIO_Led_Matrix.o
 .comment       0x00000043       0x44 ./Core/Src/main.o
 .comment       0x00000043       0x44 ./Core/Src/software_timer.o
 .comment       0x00000043       0x44 ./Core/Src/stm32f1xx_hal_msp.o
 .comment       0x00000043       0x44 ./Core/Src/stm32f1xx_it.o
 .comment       0x00000043       0x44 ./Core/Src/system_stm32f1xx.o
 .comment       0x00000043       0x44 ./Drivers/STM32F1xx_HAL_Driver/Src/stm32f1xx_hal.o
 .comment       0x00000043       0x44 ./Drivers/STM32F1xx_HAL_Driver/Src/stm32f1xx_hal_cortex.o
 .comment       0x00000043       0x44 ./Drivers/STM32F1xx_HAL_Driver/Src/stm32f1xx_hal_gpio.o
 .comment       0x00000043       0x44 ./Drivers/STM32F1xx_HAL_Driver/Src/stm32f1xx_hal_rcc.o
 .comment       0x00000043       0x44 ./Drivers/STM32F1xx_HAL_Driver/Src/stm32f1xx_hal_tim.o
 .comment       0x00000043       0x44 ./Drivers/STM32F1xx_HAL_Driver/Src/stm32f1xx_hal_tim_ex.o

.debug_frame    0x00000000     0x2720
 .debug_frame   0x00000000       0x94 ./Core/Src/Lab2.o
 .debug_frame   0x00000094       0x48 ./Core/Src/config_GPIO_Led_Matrix.o
 .debug_frame   0x000000dc       0xb0 ./Core/Src/main.o
 .debug_frame   0x0000018c       0xa0 ./Core/Src/software_timer.o
 .debug_frame   0x0000022c       0x80 ./Core/Src/stm32f1xx_hal_msp.o
 .debug_frame   0x000002ac      0x120 ./Core/Src/stm32f1xx_it.o
 .debug_frame   0x000003cc       0x58 ./Core/Src/system_stm32f1xx.o
 .debug_frame   0x00000424      0x334 ./Drivers/STM32F1xx_HAL_Driver/Src/stm32f1xx_hal.o
 .debug_frame   0x00000758      0x428 ./Drivers/STM32F1xx_HAL_Driver/Src/stm32f1xx_hal_cortex.o
 .debug_frame   0x00000b80      0x14c ./Drivers/STM32F1xx_HAL_Driver/Src/stm32f1xx_hal_gpio.o
 .debug_frame   0x00000ccc      0x218 ./Drivers/STM32F1xx_HAL_Driver/Src/stm32f1xx_hal_rcc.o
 .debug_frame   0x00000ee4     0x11b8 ./Drivers/STM32F1xx_HAL_Driver/Src/stm32f1xx_hal_tim.o
 .debug_frame   0x0000209c      0x638 ./Drivers/STM32F1xx_HAL_Driver/Src/stm32f1xx_hal_tim_ex.o
 .debug_frame   0x000026d4       0x20 E:/stm32cubeide/STM32CubeIDE_1.16.0/STM32CubeIDE/plugins/com.st.stm32cube.ide.mcu.externaltools.gnu-tools-for-stm32.12.3.rel1.win32_1.0.200.202406191623/tools/bin/../lib/gcc/arm-none-eabi/12.3.1/../../../../arm-none-eabi/lib/thumb/v7-m/nofp\libc_nano.a(libc_a-memset.o)
 .debug_frame   0x000026f4       0x2c E:/stm32cubeide/STM32CubeIDE_1.16.0/STM32CubeIDE/plugins/com.st.stm32cube.ide.mcu.externaltools.gnu-tools-for-stm32.12.3.rel1.win32_1.0.200.202406191623/tools/bin/../lib/gcc/arm-none-eabi/12.3.1/../../../../arm-none-eabi/lib/thumb/v7-m/nofp\libc_nano.a(libc_a-init.o)

.debug_line_str
                0x00000000       0x55
 .debug_line_str
                0x00000000       0x55 ./Core/Startup/startup_stm32f100c6tx.o
