Archive member included to satisfy reference by file (symbol)

E:/stm32cubeide/STM32CubeIDE_1.16.0/STM32CubeIDE/plugins/com.st.stm32cube.ide.mcu.externaltools.gnu-tools-for-stm32.12.3.rel1.win32_1.0.200.202406191623/tools/bin/../lib/gcc/arm-none-eabi/12.3.1/../../../../arm-none-eabi/lib/thumb/v7-m/nofp\libc_nano.a(libc_a-exit.o)
                              E:/stm32cubeide/STM32CubeIDE_1.16.0/STM32CubeIDE/plugins/com.st.stm32cube.ide.mcu.externaltools.gnu-tools-for-stm32.12.3.rel1.win32_1.0.200.202406191623/tools/bin/../lib/gcc/arm-none-eabi/12.3.1/../../../../arm-none-eabi/lib/thumb/v7-m/nofp/crt0.o (exit)
E:/stm32cubeide/STM32CubeIDE_1.16.0/STM32CubeIDE/plugins/com.st.stm32cube.ide.mcu.externaltools.gnu-tools-for-stm32.12.3.rel1.win32_1.0.200.202406191623/tools/bin/../lib/gcc/arm-none-eabi/12.3.1/../../../../arm-none-eabi/lib/thumb/v7-m/nofp\libc_nano.a(libc_a-findfp.o)
                              E:/stm32cubeide/STM32CubeIDE_1.16.0/STM32CubeIDE/plugins/com.st.stm32cube.ide.mcu.externaltools.gnu-tools-for-stm32.12.3.rel1.win32_1.0.200.202406191623/tools/bin/../lib/gcc/arm-none-eabi/12.3.1/../../../../arm-none-eabi/lib/thumb/v7-m/nofp\libc_nano.a(libc_a-exit.o) (__stdio_exit_handler)
E:/stm32cubeide/STM32CubeIDE_1.16.0/STM32CubeIDE/plugins/com.st.stm32cube.ide.mcu.externaltools.gnu-tools-for-stm32.12.3.rel1.win32_1.0.200.202406191623/tools/bin/../lib/gcc/arm-none-eabi/12.3.1/../../../../arm-none-eabi/lib/thumb/v7-m/nofp\libc_nano.a(libc_a-fwalk.o)
                              E:/stm32cubeide/STM32CubeIDE_1.16.0/STM32CubeIDE/plugins/com.st.stm32cube.ide.mcu.externaltools.gnu-tools-for-stm32.12.3.rel1.win32_1.0.200.202406191623/tools/bin/../lib/gcc/arm-none-eabi/12.3.1/../../../../arm-none-eabi/lib/thumb/v7-m/nofp\libc_nano.a(libc_a-findfp.o) (_fwalk_sglue)
E:/stm32cubeide/STM32CubeIDE_1.16.0/STM32CubeIDE/plugins/com.st.stm32cube.ide.mcu.externaltools.gnu-tools-for-stm32.12.3.rel1.win32_1.0.200.202406191623/tools/bin/../lib/gcc/arm-none-eabi/12.3.1/../../../../arm-none-eabi/lib/thumb/v7-m/nofp\libc_nano.a(libc_a-stdio.o)
                              E:/stm32cubeide/STM32CubeIDE_1.16.0/STM32CubeIDE/plugins/com.st.stm32cube.ide.mcu.externaltools.gnu-tools-for-stm32.12.3.rel1.win32_1.0.200.202406191623/tools/bin/../lib/gcc/arm-none-eabi/12.3.1/../../../../arm-none-eabi/lib/thumb/v7-m/nofp\libc_nano.a(libc_a-findfp.o) (__sread)
E:/stm32cubeide/STM32CubeIDE_1.16.0/STM32CubeIDE/plugins/com.st.stm32cube.ide.mcu.externaltools.gnu-tools-for-stm32.12.3.rel1.win32_1.0.200.202406191623/tools/bin/../lib/gcc/arm-none-eabi/12.3.1/../../../../arm-none-eabi/lib/thumb/v7-m/nofp\libc_nano.a(libc_a-memset.o)
                              E:/stm32cubeide/STM32CubeIDE_1.16.0/STM32CubeIDE/plugins/com.st.stm32cube.ide.mcu.externaltools.gnu-tools-for-stm32.12.3.rel1.win32_1.0.200.202406191623/tools/bin/../lib/gcc/arm-none-eabi/12.3.1/../../../../arm-none-eabi/lib/thumb/v7-m/nofp/crt0.o (memset)
E:/stm32cubeide/STM32CubeIDE_1.16.0/STM32CubeIDE/plugins/com.st.stm32cube.ide.mcu.externaltools.gnu-tools-for-stm32.12.3.rel1.win32_1.0.200.202406191623/tools/bin/../lib/gcc/arm-none-eabi/12.3.1/../../../../arm-none-eabi/lib/thumb/v7-m/nofp\libc_nano.a(libc_a-closer.o)
                              E:/stm32cubeide/STM32CubeIDE_1.16.0/STM32CubeIDE/plugins/com.st.stm32cube.ide.mcu.externaltools.gnu-tools-for-stm32.12.3.rel1.win32_1.0.200.202406191623/tools/bin/../lib/gcc/arm-none-eabi/12.3.1/../../../../arm-none-eabi/lib/thumb/v7-m/nofp\libc_nano.a(libc_a-stdio.o) (_close_r)
E:/stm32cubeide/STM32CubeIDE_1.16.0/STM32CubeIDE/plugins/com.st.stm32cube.ide.mcu.externaltools.gnu-tools-for-stm32.12.3.rel1.win32_1.0.200.202406191623/tools/bin/../lib/gcc/arm-none-eabi/12.3.1/../../../../arm-none-eabi/lib/thumb/v7-m/nofp\libc_nano.a(libc_a-reent.o)
                              E:/stm32cubeide/STM32CubeIDE_1.16.0/STM32CubeIDE/plugins/com.st.stm32cube.ide.mcu.externaltools.gnu-tools-for-stm32.12.3.rel1.win32_1.0.200.202406191623/tools/bin/../lib/gcc/arm-none-eabi/12.3.1/../../../../arm-none-eabi/lib/thumb/v7-m/nofp\libc_nano.a(libc_a-closer.o) (errno)
E:/stm32cubeide/STM32CubeIDE_1.16.0/STM32CubeIDE/plugins/com.st.stm32cube.ide.mcu.externaltools.gnu-tools-for-stm32.12.3.rel1.win32_1.0.200.202406191623/tools/bin/../lib/gcc/arm-none-eabi/12.3.1/../../../../arm-none-eabi/lib/thumb/v7-m/nofp\libc_nano.a(libc_a-impure.o)
                              E:/stm32cubeide/STM32CubeIDE_1.16.0/STM32CubeIDE/plugins/com.st.stm32cube.ide.mcu.externaltools.gnu-tools-for-stm32.12.3.rel1.win32_1.0.200.202406191623/tools/bin/../lib/gcc/arm-none-eabi/12.3.1/../../../../arm-none-eabi/lib/thumb/v7-m/nofp\libc_nano.a(libc_a-reent.o) (_impure_ptr)
E:/stm32cubeide/STM32CubeIDE_1.16.0/STM32CubeIDE/plugins/com.st.stm32cube.ide.mcu.externaltools.gnu-tools-for-stm32.12.3.rel1.win32_1.0.200.202406191623/tools/bin/../lib/gcc/arm-none-eabi/12.3.1/../../../../arm-none-eabi/lib/thumb/v7-m/nofp\libc_nano.a(libc_a-lseekr.o)
[...]
Memory Configuration

Name             Origin             Length             Attributes
RAM              0x20000000         0x00001000         xrw
FLASH            0x08000000         0x00008000         xr
*default*        0x00000000         0xffffffff

Linker script and memory map

LOAD E:/stm32cubeide/STM32CubeIDE_1.16.0/STM32CubeIDE/plugins/com.st.stm32cube.ide.mcu.externaltools.gnu-tools-for-stm32.12.3.rel1.win32_1.0.200.202406191623/tools/bin/../lib/gcc/arm-none-eabi/12.3.1/thumb/v7-m/nofp/crti.o
LOAD E:/stm32cubeide/STM32CubeIDE_1.16.0/STM32CubeIDE/plugins/com.st.stm32cube.ide.mcu.externaltools.gnu-tools-for-stm32.12.3.rel1.win32_1.0.200.202406191623/tools/bin/../lib/gcc/arm-none-eabi/12.3.1/thumb/v7-m/nofp/crtbegin.o
LOAD E:/stm32cubeide/STM32CubeIDE_1.16.0/STM32CubeIDE/plugins/com.st.stm32cube.ide.mcu.externaltools.gnu-tools-for-stm32.12.3.rel1.win32_1.0.200.202406191623/tools/bin/../lib/gcc/arm-none-eabi/12.3.1/../../../../arm-none-eabi/lib/thumb/v7-m/nofp/crt0.o
LOAD ./Core/Src/Lab2.o
LOAD ./Core/Src/Led7Seg_Display.o
LOAD ./Core/Src/main.o
LOAD ./Core/Src/software_timer.o
LOAD ./Core/Src/stm32f1xx_hal_msp.o
LOAD ./Core/Src/stm32f1xx_it.o
LOAD ./Core/Src/syscalls.o
LOAD ./Core/Src/sysmem.o
LOAD ./Core/Src/system_stm32f1xx.o
LOAD ./Core/Startup/startup_stm32f100c6tx.o
LOAD ./Drivers/STM32F1xx_HAL_Driver/Src/stm32f1xx_hal.o
LOAD ./Drivers/STM32F1xx_HAL_Driver/Src/stm32f1xx_hal_cortex.o
LOAD ./Drivers/STM32F1xx_HAL_Driver/Src/stm32f1xx_hal_dma.o
LOAD ./Drivers/STM32F1xx_HAL_Driver/Src/stm32f1xx_hal_exti.o
LOAD ./Drivers/STM32F1xx_HAL_Driver/Src/stm32f1xx_hal_flash.o
LOAD ./Drivers/STM32F1xx_HAL_Driver/Src/stm32f1xx_hal_flash_ex.o
LOAD ./Drivers/STM32F1xx_HAL_Driver/Src/stm32f1xx_hal_gpio.o
LOAD ./Drivers/STM32F1xx_HAL_Driver/Src/stm32f1xx_hal_gpio_ex.o
LOAD ./Drivers/STM32F1xx_HAL_Driver/Src/stm32f1xx_hal_pwr.o
LOAD ./Drivers/STM32F1xx_HAL_Driver/Src/stm32f1xx_hal_rcc.o
LOAD ./Drivers/STM32F1xx_HAL_Driver/Src/stm32f1xx_hal_rcc_ex.o
LOAD ./Drivers/STM32F1xx_HAL_Driver/Src/stm32f1xx_hal_tim.o
LOAD ./Drivers/STM32F1xx_HAL_Driver/Src/stm32f1xx_hal_tim_ex.o
START GROUP
LOAD E:/stm32cubeide/STM32CubeIDE_1.16.0/STM32CubeIDE/plugins/com.st.stm32cube.ide.mcu.externaltools.gnu-tools-for-stm32.12.3.rel1.win32_1.0.200.202406191623/tools/bin/../lib/gcc/arm-none-eabi/12.3.1/../../../../arm-none-eabi/lib/thumb/v7-m/nofp\libc_nano.a
LOAD E:/stm32cubeide/STM32CubeIDE_1.16.0/STM32CubeIDE/plugins/com.st.stm32cube.ide.mcu.externaltools.gnu-tools-for-stm32.12.3.rel1.win32_1.0.200.202406191623/tools/bin/../lib/gcc/arm-none-eabi/12.3.1/../../../../arm-none-eabi/lib/thumb/v7-m/nofp\libm.a
END GROUP
START GROUP
LOAD E:/stm32cubeide/STM32CubeIDE_1.16.0/STM32CubeIDE/plugins/com.st.stm32cube.ide.mcu.externaltools.gnu-tools-for-stm32.12.3.rel1.win32_1.0.200.202406191623/tools/bin/../lib/gcc/arm-none-eabi/12.3.1/thumb/v7-m/nofp\libgcc.a
LOAD E:/stm32cubeide/STM32CubeIDE_1.16.0/STM32CubeIDE/plugins/com.st.stm32cube.ide.mcu.externaltools.gnu-tools-for-stm32.12.3.rel1.win32_1.0.200.202406191623/tools/bin/../lib/gcc/arm-none-eabi/12.3.1/../../../../arm-none-eabi/lib/thumb/v7-m/nofp\libc_nano.a
END GROUP
START GROUP
LOAD E:/stm32cubeide/STM32CubeIDE_1.16.0/STM32CubeIDE/plugins/com.st.stm32cube.ide.mcu.externaltools.gnu-tools-for-stm32.12.3.rel1.win32_1.0.200.202406191623/tools/bin/../lib/gcc/arm-none-eabi/12.3.1/thumb/v7-m/nofp\libgcc.a
LOAD E:/stm32cubeide/STM32CubeIDE_1.16.0/STM32CubeIDE/plugins/com.st.stm32cube.ide.mcu.externaltools.gnu-tools-for-stm32.12.3.rel1.win32_1.0.200.202406191623/tools/bin/../lib/gcc/arm-none-eabi/12.3.1/../../../../arm-none-eabi/lib/thumb/v7-m/nofp\libc_nano.a
LOAD E:/stm32cubeide/STM32CubeIDE_1.16.0/STM32CubeIDE/plugins/com.st.stm32cube.ide.mcu.externaltools.gnu-tools-for-stm32.12.3.rel1.win32_1.0.200.202406191623/tools/bin/../lib/gcc/arm-none-eabi/12.3.1/../../../../arm-none-eabi/lib/thumb/v7-m/nofp\libnosys.a
END GROUP
START GROUP
LOAD E:/stm32cubeide/STM32CubeIDE_1.16.0/STM32CubeIDE/plugins/com.st.stm32cube.ide.mcu.externaltools.gnu-tools-for-stm32.12.3.rel1.win32_1.0.200.202406191623/tools/bin/../lib/gcc/arm-none-eabi/12.3.1/thumb/v7-m/nofp\libgcc.a
LOAD E:/stm32cubeide/STM32CubeIDE_1.16.0/STM32CubeIDE/plugins/com.st.stm32cube.ide.mcu.externaltools.gnu-tools-for-stm32.12.3.rel1.win32_1.0.200.202406191623/tools/bin/../lib/gcc/arm-none-eabi/12.3.1/../../../../arm-none-eabi/lib/thumb/v7-m/nofp\libc_nano.a
LOAD E:/stm32cubeide/STM32CubeIDE_1.16.0/STM32CubeIDE/plugins/com.st.stm32cube.ide.mcu.externaltools.gnu-tools-for-stm32.12.3.rel1.win32_1.0.200.202406191623/tools/bin/../lib/gcc/arm-none-eabi/12.3.1/../../../../arm-none-eabi/lib/thumb/v7-m/nofp\libnosys.a
END GROUP
LOAD E:/stm32cubeide/STM32CubeIDE_1.16.0/STM32CubeIDE/plugins/com.st.stm32cube.ide.mcu.externaltools.gnu-tools-for-stm32.12.3.rel1.win32_1.0.200.202406191623/tools/bin/../lib/gcc/arm-none-eabi/12.3.1/thumb/v7-m/nofp/crtend.o
LOAD E:/stm32cubeide/STM32CubeIDE_1.16.0/STM32CubeIDE/plugins/com.st.stm32cube.ide.mcu.externaltools.gnu-tools-for-stm32.12.3.rel1.win32_1.0.200.202406191623/tools/bin/../lib/gcc/arm-none-eabi/12.3.1/thumb/v7-m/nofp/crtn.o
                0x20001000                        _estack = (ORIGIN (RAM) + LENGTH (RAM))
                0x00000200                        _Min_Heap_Size = 0x200
                0x00000400                        _Min_Stack_Size = 0x400

.isr_vector     0x08000000      0x1d0
                0x08000000                        . = ALIGN (0x4)
 *(.isr_vector)
 .isr_vector    0x08000000      0x1d0 ./Core/Startup/startup_stm32f100c6tx.o
                0x08000000                g_pfnVectors
                0x080001d0                        . = ALIGN (0x4)

.text           0x080001d0     0x2024
                0x080001d0                        . = ALIGN (0x4)
 *(.text)
 .text          0x080001d0       0x40 E:/stm32cubeide/STM32CubeIDE_1.16.0/STM32CubeIDE/plugins/com.st.stm32cube.ide.mcu.externaltools.gnu-tools-for-stm32.12.3.rel1.win32_1.0.200.202406191623/tools/bin/../lib/gcc/arm-none-eabi/12.3.1/thumb/v7-m/nofp/crtbegin.o
 *(.text*)
 .text.System_Lab2_init
                0x08000210       0x28 ./Core/Src/Lab2.o
                0x08000210                System_Lab2_init
 .text.En_led_7_seg
                0x08000238       0x54 ./Core/Src/Lab2.o
                0x08000238                En_led_7_seg
 .text.update7SEG
                0x0800028c       0x7c ./Core/Src/Lab2.o
                0x0800028c                update7SEG
 .text.Exercise_3_4
                0x08000308       0x60 ./Core/Src/Lab2.o
                0x08000308                Exercise_3_4
 .text.Led7Seg_int
                0x08000368       0x44 ./Core/Src/Led7Seg_Display.o
                0x08000368                Led7Seg_int
 .text.calculator_BCD_to_7SEG
                0x080003ac      0x2d4 ./Core/Src/Led7Seg_Display.o
                0x080003ac                calculator_BCD_to_7SEG
 .text.display7SEG
                0x08000680       0xe0 ./Core/Src/Led7Seg_Display.o
                0x08000680                display7SEG
 .text.main     0x08000760       0x1e ./Core/Src/main.o
                0x08000760                main
 .text.SystemClock_Config
                0x0800077e       0x76 ./Core/Src/main.o
                0x0800077e                SystemClock_Config
 .text.MX_TIM2_Init
                0x080007f4       0x98 ./Core/Src/main.o
 .text.MX_GPIO_Init
                0x0800088c       0xa8 ./Core/Src/main.o
 .text.Error_Handler
                0x08000934        0xc ./Core/Src/main.o
                0x08000934                Error_Handler
 .text.timer_init
                0x08000940       0x14 ./Core/Src/software_timer.o
                0x08000940                timer_init
 .text.setTimer
                0x08000954       0x58 ./Core/Src/software_timer.o
                0x08000954                setTimer
 .text.timer_run
                0x080009ac       0x64 ./Core/Src/software_timer.o
                0x080009ac                timer_run
 .text.HAL_TIM_PeriodElapsedCallback
                0x08000a10       0x36 ./Core/Src/software_timer.o
                0x08000a10                HAL_TIM_PeriodElapsedCallback
 *fill*         0x08000a46        0x2 
 .text.HAL_MspInit
                0x08000a48       0x64 ./Core/Src/stm32f1xx_hal_msp.o
                0x08000a48                HAL_MspInit
 .text.HAL_TIM_Base_MspInit
                0x08000aac       0x48 ./Core/Src/stm32f1xx_hal_msp.o
                0x08000aac                HAL_TIM_Base_MspInit
 .text.NMI_Handler
                0x08000af4        0x8 ./Core/Src/stm32f1xx_it.o
                0x08000af4                NMI_Handler
 .text.HardFault_Handler
                0x08000afc        0x8 ./Core/Src/stm32f1xx_it.o
                0x08000afc                HardFault_Handler
 .text.MemManage_Handler
                0x08000b04        0x8 ./Core/Src/stm32f1xx_it.o
                0x08000b04                MemManage_Handler
 .text.BusFault_Handler
                0x08000b0c        0x8 ./Core/Src/stm32f1xx_it.o
                0x08000b0c                BusFault_Handler
 .text.UsageFault_Handler
                0x08000b14        0x8 ./Core/Src/stm32f1xx_it.o
                0x08000b14                UsageFault_Handler
 .text.SVC_Handler
                0x08000b1c        0xc ./Core/Src/stm32f1xx_it.o
                0x08000b1c                SVC_Handler
 .text.DebugMon_Handler
                0x08000b28        0xc ./Core/Src/stm32f1xx_it.o
                0x08000b28                DebugMon_Handler
 .text.PendSV_Handler
                0x08000b34        0xc ./Core/Src/stm32f1xx_it.o
                0x08000b34                PendSV_Handler
 .text.SysTick_Handler
                0x08000b40        0xc ./Core/Src/stm32f1xx_it.o
                0x08000b40                SysTick_Handler
 .text.TIM2_IRQHandler
                0x08000b4c       0x14 ./Core/Src/stm32f1xx_it.o
                0x08000b4c                TIM2_IRQHandler
 .text.SystemInit
                0x08000b60        0xc ./Core/Src/system_stm32f1xx.o
                0x08000b60                SystemInit
 .text.Reset_Handler
                0x08000b6c       0x48 ./Core/Startup/startup_stm32f100c6tx.o
                0x08000b6c                Reset_Handler
 .text.Default_Handler
                0x08000bb4        0x2 ./Core/Startup/startup_stm32f100c6tx.o
                0x08000bb4                RTC_Alarm_IRQHandler
                0x08000bb4                EXTI2_IRQHandler
                0x08000bb4                TIM1_CC_IRQHandler
                0x08000bb4                PVD_IRQHandler
                0x08000bb4                EXTI3_IRQHandler
                0x08000bb4                EXTI0_IRQHandler
                0x08000bb4                TIM1_UP_TIM16_IRQHandler
                0x08000bb4                SPI1_IRQHandler
                0x08000bb4                TAMPER_IRQHandler
                0x08000bb4                TIM6_DAC_IRQHandler
                0x08000bb4                DMA1_Channel4_IRQHandler
                0x08000bb4                ADC1_IRQHandler
                0x08000bb4                USART3_IRQHandler
                0x08000bb4                RTC_IRQHandler
                0x08000bb4                DMA1_Channel7_IRQHandler
                0x08000bb4                TIM4_IRQHandler
                0x08000bb4                I2C1_EV_IRQHandler
                0x08000bb4                DMA1_Channel6_IRQHandler
                0x08000bb4                TIM3_IRQHandler
                0x08000bb4                RCC_IRQHandler
                0x08000bb4                DMA1_Channel1_IRQHandler
                0x08000bb4                Default_Handler
                0x08000bb4                CEC_IRQHandler
                0x08000bb4                EXTI15_10_IRQHandler
                0x08000bb4                TIM7_IRQHandler
                0x08000bb4                EXTI9_5_IRQHandler
                0x08000bb4                SPI2_IRQHandler
                0x08000bb4                DMA1_Channel5_IRQHandler
                0x08000bb4                EXTI4_IRQHandler
                0x08000bb4                TIM1_TRG_COM_TIM17_IRQHandler
                0x08000bb4                DMA1_Channel3_IRQHandler
                0x08000bb4                WWDG_IRQHandler
                0x08000bb4                EXTI1_IRQHandler
                0x08000bb4                USART2_IRQHandler
                0x08000bb4                DMA1_Channel2_IRQHandler
                0x08000bb4                FLASH_IRQHandler
                0x08000bb4                USART1_IRQHandler
                0x08000bb4                I2C1_ER_IRQHandler
                0x08000bb4                TIM1_BRK_TIM15_IRQHandler
 .text.HAL_Init
                0x08000bb6       0x1a ./Drivers/STM32F1xx_HAL_Driver/Src/stm32f1xx_hal.o
                0x08000bb6                HAL_Init
 .text.HAL_InitTick
                0x08000bd0       0x60 ./Drivers/STM32F1xx_HAL_Driver/Src/stm32f1xx_hal.o
                0x08000bd0                HAL_InitTick
 .text.HAL_IncTick
                0x08000c30       0x24 ./Drivers/STM32F1xx_HAL_Driver/Src/stm32f1xx_hal.o
                0x08000c30                HAL_IncTick
 .text.HAL_GetTick
                0x08000c54       0x14 ./Drivers/STM32F1xx_HAL_Driver/Src/stm32f1xx_hal.o
                0x08000c54                HAL_GetTick
 .text.__NVIC_SetPriorityGrouping
                0x08000c68       0x48 ./Drivers/STM32F1xx_HAL_Driver/Src/stm32f1xx_hal_cortex.o
 .text.__NVIC_GetPriorityGrouping
                0x08000cb0       0x1c ./Drivers/STM32F1xx_HAL_Driver/Src/stm32f1xx_hal_cortex.o
 .text.__NVIC_EnableIRQ
                0x08000ccc       0x38 ./Drivers/STM32F1xx_HAL_Driver/Src/stm32f1xx_hal_cortex.o
 .text.__NVIC_SetPriority
                0x08000d04       0x54 ./Drivers/STM32F1xx_HAL_Driver/Src/stm32f1xx_hal_cortex.o
 .text.NVIC_EncodePriority
                0x08000d58       0x64 ./Drivers/STM32F1xx_HAL_Driver/Src/stm32f1xx_hal_cortex.o
 .text.SysTick_Config
                0x08000dbc       0x44 ./Drivers/STM32F1xx_HAL_Driver/Src/stm32f1xx_hal_cortex.o
 .text.HAL_NVIC_SetPriorityGrouping
                0x08000e00       0x16 ./Drivers/STM32F1xx_HAL_Driver/Src/stm32f1xx_hal_cortex.o
                0x08000e00                HAL_NVIC_SetPriorityGrouping
 .text.HAL_NVIC_SetPriority
                0x08000e16       0x38 ./Drivers/STM32F1xx_HAL_Driver/Src/stm32f1xx_hal_cortex.o
                0x08000e16                HAL_NVIC_SetPriority
 .text.HAL_NVIC_EnableIRQ
                0x08000e4e       0x1c ./Drivers/STM32F1xx_HAL_Driver/Src/stm32f1xx_hal_cortex.o
                0x08000e4e                HAL_NVIC_EnableIRQ
 .text.HAL_SYSTICK_Config
                0x08000e6a       0x18 ./Drivers/STM32F1xx_HAL_Driver/Src/stm32f1xx_hal_cortex.o
                0x08000e6a                HAL_SYSTICK_Config
 *fill*         0x08000e82        0x2 
 .text.HAL_GPIO_Init
                0x08000e84      0x308 ./Drivers/STM32F1xx_HAL_Driver/Src/stm32f1xx_hal_gpio.o
                0x08000e84                HAL_GPIO_Init
 .text.HAL_GPIO_WritePin
                0x0800118c       0x30 ./Drivers/STM32F1xx_HAL_Driver/Src/stm32f1xx_hal_gpio.o
                0x0800118c                HAL_GPIO_WritePin
 .text.HAL_GPIO_TogglePin
                0x080011bc       0x32 ./Drivers/STM32F1xx_HAL_Driver/Src/stm32f1xx_hal_gpio.o
                0x080011bc                HAL_GPIO_TogglePin
 *fill*         0x080011ee        0x2 
 .text.HAL_RCC_OscConfig
                0x080011f0      0x504 ./Drivers/STM32F1xx_HAL_Driver/Src/stm32f1xx_hal_rcc.o
                0x080011f0                HAL_RCC_OscConfig
 .text.HAL_RCC_ClockConfig
                0x080016f4      0x170 ./Drivers/STM32F1xx_HAL_Driver/Src/stm32f1xx_hal_rcc.o
                0x080016f4                HAL_RCC_ClockConfig
 .text.HAL_RCC_GetSysClockFreq
                0x08001864       0xa4 ./Drivers/STM32F1xx_HAL_Driver/Src/stm32f1xx_hal_rcc.o
                0x08001864                HAL_RCC_GetSysClockFreq
 .text.RCC_Delay
                0x08001908       0x3c ./Drivers/STM32F1xx_HAL_Driver/Src/stm32f1xx_hal_rcc.o
 .text.HAL_TIM_Base_Init
                0x08001944       0x9e ./Drivers/STM32F1xx_HAL_Driver/Src/stm32f1xx_hal_tim.o
                0x08001944                HAL_TIM_Base_Init
 *fill*         0x080019e2        0x2 
 .text.HAL_TIM_Base_Start_IT
                0x080019e4       0xb4 ./Drivers/STM32F1xx_HAL_Driver/Src/stm32f1xx_hal_tim.o
                0x080019e4                HAL_TIM_Base_Start_IT
 .text.HAL_TIM_IRQHandler
                0x08001a98      0x1e0 ./Drivers/STM32F1xx_HAL_Driver/Src/stm32f1xx_hal_tim.o
                0x08001a98                HAL_TIM_IRQHandler
 .text.HAL_TIM_ConfigClockSource
                0x08001c78      0x18e ./Drivers/STM32F1xx_HAL_Driver/Src/stm32f1xx_hal_tim.o
                0x08001c78                HAL_TIM_ConfigClockSource
 .text.HAL_TIM_OC_DelayElapsedCallback
                0x08001e06       0x12 ./Drivers/STM32F1xx_HAL_Driver/Src/stm32f1xx_hal_tim.o
                0x08001e06                HAL_TIM_OC_DelayElapsedCallback
 .text.HAL_TIM_IC_CaptureCallback
                0x08001e18       0x12 ./Drivers/STM32F1xx_HAL_Driver/Src/stm32f1xx_hal_tim.o
                0x08001e18                HAL_TIM_IC_CaptureCallback
 .text.HAL_TIM_PWM_PulseFinishedCallback
                0x08001e2a       0x12 ./Drivers/STM32F1xx_HAL_Driver/Src/stm32f1xx_hal_tim.o
                0x08001e2a                HAL_TIM_PWM_PulseFinishedCallback
 .text.HAL_TIM_TriggerCallback
                0x08001e3c       0x12 ./Drivers/STM32F1xx_HAL_Driver/Src/stm32f1xx_hal_tim.o
                0x08001e3c                HAL_TIM_TriggerCallback
 *fill*         0x08001e4e        0x2 
 .text.TIM_Base_SetConfig
                0x08001e50      0x118 ./Drivers/STM32F1xx_HAL_Driver/Src/stm32f1xx_hal_tim.o
                0x08001e50                TIM_Base_SetConfig
 .text.TIM_TI1_ConfigInputStage
                0x08001f68       0x5c ./Drivers/STM32F1xx_HAL_Driver/Src/stm32f1xx_hal_tim.o
 .text.TIM_TI2_ConfigInputStage
                0x08001fc4       0x5e ./Drivers/STM32F1xx_HAL_Driver/Src/stm32f1xx_hal_tim.o
 .text.TIM_ITRx_SetConfig
                0x08002022       0x34 ./Drivers/STM32F1xx_HAL_Driver/Src/stm32f1xx_hal_tim.o
 .text.TIM_ETR_SetConfig
                0x08002056       0x3e ./Drivers/STM32F1xx_HAL_Driver/Src/stm32f1xx_hal_tim.o
                0x08002056                TIM_ETR_SetConfig
 .text.HAL_TIMEx_MasterConfigSynchronization
                0x08002094       0xcc ./Drivers/STM32F1xx_HAL_Driver/Src/stm32f1xx_hal_tim_ex.o
                0x08002094                HAL_TIMEx_MasterConfigSynchronization
 .text.HAL_TIMEx_CommutCallback
                0x08002160       0x12 ./Drivers/STM32F1xx_HAL_Driver/Src/stm32f1xx_hal_tim_ex.o
                0x08002160                HAL_TIMEx_CommutCallback
 .text.HAL_TIMEx_BreakCallback
                0x08002172       0x12 ./Drivers/STM32F1xx_HAL_Driver/Src/stm32f1xx_hal_tim_ex.o
                0x08002172                HAL_TIMEx_BreakCallback
 .text.memset   0x08002184       0x10 E:/stm32cubeide/STM32CubeIDE_1.16.0/STM32CubeIDE/plugins/com.st.stm32cube.ide.mcu.externaltools.gnu-tools-for-stm32.12.3.rel1.win32_1.0.200.202406191623/tools/bin/../lib/gcc/arm-none-eabi/12.3.1/../../../../arm-none-eabi/lib/thumb/v7-m/nofp\libc_nano.a(libc_a-memset.o)
                0x08002184                memset
 .text.__libc_init_array
                0x08002194       0x48 E:/stm32cubeide/STM32CubeIDE_1.16.0/STM32CubeIDE/plugins/com.st.stm32cube.ide.mcu.externaltools.gnu-tools-for-stm32.12.3.rel1.win32_1.0.200.202406191623/tools/bin/../lib/gcc/arm-none-eabi/12.3.1/../../../../arm-none-eabi/lib/thumb/v7-m/nofp\libc_nano.a(libc_a-init.o)
                0x08002194                __libc_init_array
 *(.glue_7)
 .glue_7        0x080021dc        0x0 linker stubs
 *(.glue_7t)
 .glue_7t       0x080021dc        0x0 linker stubs
 *(.eh_frame)
 .eh_frame      0x080021dc        0x0 E:/stm32cubeide/STM32CubeIDE_1.16.0/STM32CubeIDE/plugins/com.st.stm32cube.ide.mcu.externaltools.gnu-tools-for-stm32.12.3.rel1.win32_1.0.200.202406191623/tools/bin/../lib/gcc/arm-none-eabi/12.3.1/thumb/v7-m/nofp/crtbegin.o
 *(.init)
 .init          0x080021dc        0x4 E:/stm32cubeide/STM32CubeIDE_1.16.0/STM32CubeIDE/plugins/com.st.stm32cube.ide.mcu.externaltools.gnu-tools-for-stm32.12.3.rel1.win32_1.0.200.202406191623/tools/bin/../lib/gcc/arm-none-eabi/12.3.1/thumb/v7-m/nofp/crti.o
                0x080021dc                _init
 .init          0x080021e0        0x8 E:/stm32cubeide/STM32CubeIDE_1.16.0/STM32CubeIDE/plugins/com.st.stm32cube.ide.mcu.externaltools.gnu-tools-for-stm32.12.3.rel1.win32_1.0.200.202406191623/tools/bin/../lib/gcc/arm-none-eabi/12.3.1/thumb/v7-m/nofp/crtn.o
 *(.fini)
 .fini          0x080021e8        0x4 E:/stm32cubeide/STM32CubeIDE_1.16.0/STM32CubeIDE/plugins/com.st.stm32cube.ide.mcu.externaltools.gnu-tools-for-stm32.12.3.rel1.win32_1.0.200.202406191623/tools/bin/../lib/gcc/arm-none-eabi/12.3.1/thumb/v7-m/nofp/crti.o
                0x080021e8                _fini
 .fini          0x080021ec        0x8 E:/stm32cubeide/STM32CubeIDE_1.16.0/STM32CubeIDE/plugins/com.st.stm32cube.ide.mcu.externaltools.gnu-tools-for-stm32.12.3.rel1.win32_1.0.200.202406191623/tools/bin/../lib/gcc/arm-none-eabi/12.3.1/thumb/v7-m/nofp/crtn.o
                0x080021f4                        . = ALIGN (0x4)
                0x080021f4                        _etext = .

.vfp11_veneer   0x080021f4        0x0
 .vfp11_veneer  0x080021f4        0x0 linker stubs

.v4_bx          0x080021f4        0x0
 .v4_bx         0x080021f4        0x0 linker stubs

.iplt           0x080021f4        0x0
 .iplt          0x080021f4        0x0 E:/stm32cubeide/STM32CubeIDE_1.16.0/STM32CubeIDE/plugins/com.st.stm32cube.ide.mcu.externaltools.gnu-tools-for-stm32.12.3.rel1.win32_1.0.200.202406191623/tools/bin/../lib/gcc/arm-none-eabi/12.3.1/thumb/v7-m/nofp/crtbegin.o

.rodata         0x080021f4       0x58
                0x080021f4                        . = ALIGN (0x4)
 *(.rodata)
 .rodata        0x080021f4       0x28 ./Core/Src/Led7Seg_Display.o
 *(.rodata*)
 .rodata.AHBPrescTable
                0x0800221c       0x10 ./Core/Src/system_stm32f1xx.o
                0x0800221c                AHBPrescTable
 .rodata.aPLLMULFactorTable.1
                0x0800222c       0x10 ./Drivers/STM32F1xx_HAL_Driver/Src/stm32f1xx_hal_rcc.o
 .rodata.aPredivFactorTable.0
                0x0800223c       0x10 ./Drivers/STM32F1xx_HAL_Driver/Src/stm32f1xx_hal_rcc.o
                0x0800224c                        . = ALIGN (0x4)

.ARM.extab      0x0800224c        0x0
                0x0800224c                        . = ALIGN (0x4)
 *(.ARM.extab* .gnu.linkonce.armextab.*)
                0x0800224c                        . = ALIGN (0x4)

.ARM            0x0800224c        0x0
                0x0800224c                        . = ALIGN (0x4)
                0x0800224c                        __exidx_start = .
 *(.ARM.exidx*)
                0x0800224c                        __exidx_end = .
                0x0800224c                        . = ALIGN (0x4)

.preinit_array  0x0800224c        0x0
                0x0800224c                        . = ALIGN (0x4)
                0x0800224c                        PROVIDE (__preinit_array_start = .)
 *(.preinit_array*)
                0x0800224c                        PROVIDE (__preinit_array_end = .)
                0x0800224c                        . = ALIGN (0x4)

.init_array     0x0800224c        0x4
                0x0800224c                        . = ALIGN (0x4)
                0x0800224c                        PROVIDE (__init_array_start = .)
 *(SORT_BY_NAME(.init_array.*))
 *(.init_array*)
 .init_array    0x0800224c        0x4 E:/stm32cubeide/STM32CubeIDE_1.16.0/STM32CubeIDE/plugins/com.st.stm32cube.ide.mcu.externaltools.gnu-tools-for-stm32.12.3.rel1.win32_1.0.200.202406191623/tools/bin/../lib/gcc/arm-none-eabi/12.3.1/thumb/v7-m/nofp/crtbegin.o
                0x08002250                        PROVIDE (__init_array_end = .)
                0x08002250                        . = ALIGN (0x4)

.fini_array     0x08002250        0x4
                0x08002250                        . = ALIGN (0x4)
                [!provide]                        PROVIDE (__fini_array_start = .)
 *(SORT_BY_NAME(.fini_array.*))
 *(.fini_array*)
 .fini_array    0x08002250        0x4 E:/stm32cubeide/STM32CubeIDE_1.16.0/STM32CubeIDE/plugins/com.st.stm32cube.ide.mcu.externaltools.gnu-tools-for-stm32.12.3.rel1.win32_1.0.200.202406191623/tools/bin/../lib/gcc/arm-none-eabi/12.3.1/thumb/v7-m/nofp/crtbegin.o
                [!provide]                        PROVIDE (__fini_array_end = .)
                0x08002254                        . = ALIGN (0x4)
                0x08002254                        _sidata = LOADADDR (.data)

.rel.dyn        0x08002254        0x0
 .rel.iplt      0x08002254        0x0 E:/stm32cubeide/STM32CubeIDE_1.16.0/STM32CubeIDE/plugins/com.st.stm32cube.ide.mcu.externaltools.gnu-tools-for-stm32.12.3.rel1.win32_1.0.200.202406191623/tools/bin/../lib/gcc/arm-none-eabi/12.3.1/thumb/v7-m/nofp/crtbegin.o

.data           0x20000000       0x78 load address 0x08002254
                0x20000000                        . = ALIGN (0x4)
                0x20000000                        _sdata = .
 *(.data)
 *(.data*)
 .data.Led_7Seg_Array
                0x20000000       0x38 ./Core/Src/Lab2.o
                0x20000000                Led_7Seg_Array
 .data.Led_Pos  0x20000038       0x10 ./Core/Src/Lab2.o
                0x20000038                Led_Pos
 .data.En_Led_Pos
                0x20000048       0x10 ./Core/Src/Lab2.o
                0x20000048                En_Led_Pos
 .data.Led_Buffer
                0x20000058       0x10 ./Core/Src/Lab2.o
                0x20000058                Led_Buffer
 .data.Max_Led  0x20000068        0x1 ./Core/Src/Lab2.o
                0x20000068                Max_Led
 *fill*         0x20000069        0x3 
 .data.SystemCoreClock
                0x2000006c        0x4 ./Core/Src/system_stm32f1xx.o
                0x2000006c                SystemCoreClock
 .data.uwTickPrio
                0x20000070        0x4 ./Drivers/STM32F1xx_HAL_Driver/Src/stm32f1xx_hal.o
                0x20000070                uwTickPrio
 .data.uwTickFreq
                0x20000074        0x1 ./Drivers/STM32F1xx_HAL_Driver/Src/stm32f1xx_hal.o
                0x20000074                uwTickFreq
 *(.RamFunc)
 *(.RamFunc*)
                0x20000078                        . = ALIGN (0x4)
 *fill*         0x20000075        0x3 
                0x20000078                        _edata = .

.igot.plt       0x20000078        0x0 load address 0x080022cc
 .igot.plt      0x20000078        0x0 E:/stm32cubeide/STM32CubeIDE_1.16.0/STM32CubeIDE/plugins/com.st.stm32cube.ide.mcu.externaltools.gnu-tools-for-stm32.12.3.rel1.win32_1.0.200.202406191623/tools/bin/../lib/gcc/arm-none-eabi/12.3.1/thumb/v7-m/nofp/crtbegin.o
                0x20000078                        . = ALIGN (0x4)

.bss            0x20000078       0xb4 load address 0x080022cc
                0x20000078                        _sbss = .
                0x20000078                        __bss_start__ = _sbss
 *(.bss)
 .bss           0x20000078       0x1c E:/stm32cubeide/STM32CubeIDE_1.16.0/STM32CubeIDE/plugins/com.st.stm32cube.ide.mcu.externaltools.gnu-tools-for-stm32.12.3.rel1.win32_1.0.200.202406191623/tools/bin/../lib/gcc/arm-none-eabi/12.3.1/thumb/v7-m/nofp/crtbegin.o
 *(.bss*)
 .bss.index_led
                0x20000094        0x1 ./Core/Src/Lab2.o
                0x20000094                index_led
 .bss.Buffer    0x20000095        0x1 ./Core/Src/Lab2.o
                0x20000095                Buffer
 .bss.A         0x20000096        0x1 ./Core/Src/Led7Seg_Display.o
                0x20000096                A
 .bss.B         0x20000097        0x1 ./Core/Src/Led7Seg_Display.o
                0x20000097                B
 .bss.C         0x20000098        0x1 ./Core/Src/Led7Seg_Display.o
                0x20000098                C
 .bss.D         0x20000099        0x1 ./Core/Src/Led7Seg_Display.o
                0x20000099                D
 .bss.a         0x2000009a        0x1 ./Core/Src/Led7Seg_Display.o
                0x2000009a                a
 .bss.b         0x2000009b        0x1 ./Core/Src/Led7Seg_Display.o
                0x2000009b                b
 .bss.c         0x2000009c        0x1 ./Core/Src/Led7Seg_Display.o
                0x2000009c                c
 .bss.d         0x2000009d        0x1 ./Core/Src/Led7Seg_Display.o
                0x2000009d                d
 .bss.e         0x2000009e        0x1 ./Core/Src/Led7Seg_Display.o
                0x2000009e                e
 .bss.f         0x2000009f        0x1 ./Core/Src/Led7Seg_Display.o
                0x2000009f                f
 .bss.g         0x200000a0        0x1 ./Core/Src/Led7Seg_Display.o
                0x200000a0                g
 *fill*         0x200000a1        0x3 
 .bss.htim2     0x200000a4       0x48 ./Core/Src/main.o
                0x200000a4                htim2
 .bss.flag_timer
                0x200000ec       0x14 ./Core/Src/software_timer.o
                0x200000ec                flag_timer
 .bss.timer_counter
                0x20000100       0x14 ./Core/Src/software_timer.o
                0x20000100                timer_counter
 .bss.timer_MUL
                0x20000114       0x14 ./Core/Src/software_timer.o
                0x20000114                timer_MUL
 .bss.uwTick    0x20000128        0x4 ./Drivers/STM32F1xx_HAL_Driver/Src/stm32f1xx_hal.o
                0x20000128                uwTick
 *(COMMON)
                0x2000012c                        . = ALIGN (0x4)
                0x2000012c                        _ebss = .
                0x2000012c                        __bss_end__ = _ebss

._user_heap_stack
                0x2000012c      0x604 load address 0x080022cc
                0x20000130                        . = ALIGN (0x8)
 *fill*         0x2000012c        0x4 
                [!provide]                        PROVIDE (end = .)
                0x20000130                        PROVIDE (_end = .)
                0x20000330                        . = (. + _Min_Heap_Size)
 *fill*         0x20000130      0x200 
                0x20000730                        . = (. + _Min_Stack_Size)
 *fill*         0x20000330      0x400 
                0x20000730                        . = ALIGN (0x8)

/DISCARD/
 libc.a(*)
 libm.a(*)
 libgcc.a(*)

.ARM.attributes
                0x00000000       0x29
 *(.ARM.attributes)
 .ARM.attributes
                0x00000000       0x1d E:/stm32cubeide/STM32CubeIDE_1.16.0/STM32CubeIDE/plugins/com.st.stm32cube.ide.mcu.externaltools.gnu-tools-for-stm32.12.3.rel1.win32_1.0.200.202406191623/tools/bin/../lib/gcc/arm-none-eabi/12.3.1/thumb/v7-m/nofp/crti.o
 .ARM.attributes
                0x0000001d       0x2d E:/stm32cubeide/STM32CubeIDE_1.16.0/STM32CubeIDE/plugins/com.st.stm32cube.ide.mcu.externaltools.gnu-tools-for-stm32.12.3.rel1.win32_1.0.200.202406191623/tools/bin/../lib/gcc/arm-none-eabi/12.3.1/thumb/v7-m/nofp/crtbegin.o
 .ARM.attributes
                0x0000004a       0x2d ./Core/Src/Lab2.o
 .ARM.attributes
                0x00000077       0x2d ./Core/Src/Led7Seg_Display.o
 .ARM.attributes
                0x000000a4       0x2d ./Core/Src/main.o
 .ARM.attributes
                0x000000d1       0x2d ./Core/Src/software_timer.o
 .ARM.attributes
                0x000000fe       0x2d ./Core/Src/stm32f1xx_hal_msp.o
 .ARM.attributes
                0x0000012b       0x2d ./Core/Src/stm32f1xx_it.o
 .ARM.attributes
                0x00000158       0x2d ./Core/Src/system_stm32f1xx.o
 .ARM.attributes
                0x00000185       0x21 ./Core/Startup/startup_stm32f100c6tx.o
 .ARM.attributes
                0x000001a6       0x2d ./Drivers/STM32F1xx_HAL_Driver/Src/stm32f1xx_hal.o
 .ARM.attributes
                0x000001d3       0x2d ./Drivers/STM32F1xx_HAL_Driver/Src/stm32f1xx_hal_cortex.o
 .ARM.attributes
                0x00000200       0x2d ./Drivers/STM32F1xx_HAL_Driver/Src/stm32f1xx_hal_gpio.o
 .ARM.attributes
                0x0000022d       0x2d ./Drivers/STM32F1xx_HAL_Driver/Src/stm32f1xx_hal_rcc.o
 .ARM.attributes
                0x0000025a       0x2d ./Drivers/STM32F1xx_HAL_Driver/Src/stm32f1xx_hal_tim.o
 .ARM.attributes
                0x00000287       0x2d ./Drivers/STM32F1xx_HAL_Driver/Src/stm32f1xx_hal_tim_ex.o
 .ARM.attributes
                0x000002b4       0x2d E:/stm32cubeide/STM32CubeIDE_1.16.0/STM32CubeIDE/plugins/com.st.stm32cube.ide.mcu.externaltools.gnu-tools-for-stm32.12.3.rel1.win32_1.0.200.202406191623/tools/bin/../lib/gcc/arm-none-eabi/12.3.1/../../../../arm-none-eabi/lib/thumb/v7-m/nofp\libc_nano.a(libc_a-memset.o)
 .ARM.attributes
                0x000002e1       0x2d E:/stm32cubeide/STM32CubeIDE_1.16.0/STM32CubeIDE/plugins/com.st.stm32cube.ide.mcu.externaltools.gnu-tools-for-stm32.12.3.rel1.win32_1.0.200.202406191623/tools/bin/../lib/gcc/arm-none-eabi/12.3.1/../../../../arm-none-eabi/lib/thumb/v7-m/nofp\libc_nano.a(libc_a-init.o)
 .ARM.attributes
                0x0000030e       0x1d E:/stm32cubeide/STM32CubeIDE_1.16.0/STM32CubeIDE/plugins/com.st.stm32cube.ide.mcu.externaltools.gnu-tools-for-stm32.12.3.rel1.win32_1.0.200.202406191623/tools/bin/../lib/gcc/arm-none-eabi/12.3.1/thumb/v7-m/nofp/crtn.o
OUTPUT(Lab2_f1.elf elf32-littlearm)
LOAD linker stubs
LOAD E:/stm32cubeide/STM32CubeIDE_1.16.0/STM32CubeIDE/plugins/com.st.stm32cube.ide.mcu.externaltools.gnu-tools-for-stm32.12.3.rel1.win32_1.0.200.202406191623/tools/bin/../lib/gcc/arm-none-eabi/12.3.1/../../../../arm-none-eabi/lib/thumb/v7-m/nofp\libc.a
LOAD E:/stm32cubeide/STM32CubeIDE_1.16.0/STM32CubeIDE/plugins/com.st.stm32cube.ide.mcu.externaltools.gnu-tools-for-stm32.12.3.rel1.win32_1.0.200.202406191623/tools/bin/../lib/gcc/arm-none-eabi/12.3.1/../../../../arm-none-eabi/lib/thumb/v7-m/nofp\libm.a
LOAD E:/stm32cubeide/STM32CubeIDE_1.16.0/STM32CubeIDE/plugins/com.st.stm32cube.ide.mcu.externaltools.gnu-tools-for-stm32.12.3.rel1.win32_1.0.200.202406191623/tools/bin/../lib/gcc/arm-none-eabi/12.3.1/thumb/v7-m/nofp\libgcc.a

.debug_info     0x00000000     0x876c
 .debug_info    0x00000000      0x339 ./Core/Src/Lab2.o
 .debug_info    0x00000339      0x32d ./Core/Src/Led7Seg_Display.o
 .debug_info    0x00000666      0xb5b ./Core/Src/main.o
 .debug_info    0x000011c1      0x746 ./Core/Src/software_timer.o
 .debug_info    0x00001907      0x948 ./Core/Src/stm32f1xx_hal_msp.o
 .debug_info    0x0000224f      0x6a1 ./Core/Src/stm32f1xx_it.o
 .debug_info    0x000028f0      0x236 ./Core/Src/system_stm32f1xx.o
 .debug_info    0x00002b26       0x30 ./Core/Startup/startup_stm32f100c6tx.o
 .debug_info    0x00002b56      0x67d ./Drivers/STM32F1xx_HAL_Driver/Src/stm32f1xx_hal.o
 .debug_info    0x000031d3      0xa7b ./Drivers/STM32F1xx_HAL_Driver/Src/stm32f1xx_hal_cortex.o
 .debug_info    0x00003c4e      0x5c5 ./Drivers/STM32F1xx_HAL_Driver/Src/stm32f1xx_hal_gpio.o
 .debug_info    0x00004213      0x765 ./Drivers/STM32F1xx_HAL_Driver/Src/stm32f1xx_hal_rcc.o
 .debug_info    0x00004978     0x2959 ./Drivers/STM32F1xx_HAL_Driver/Src/stm32f1xx_hal_tim.o
 .debug_info    0x000072d1     0x149b ./Drivers/STM32F1xx_HAL_Driver/Src/stm32f1xx_hal_tim_ex.o

.debug_abbrev   0x00000000     0x1af9
 .debug_abbrev  0x00000000      0x1b9 ./Core/Src/Lab2.o
 .debug_abbrev  0x000001b9      0x1b9 ./Core/Src/Led7Seg_Display.o
 .debug_abbrev  0x00000372      0x282 ./Core/Src/main.o
 .debug_abbrev  0x000005f4      0x1ea ./Core/Src/software_timer.o
 .debug_abbrev  0x000007de      0x1ad ./Core/Src/stm32f1xx_hal_msp.o
 .debug_abbrev  0x0000098b      0x191 ./Core/Src/stm32f1xx_it.o
 .debug_abbrev  0x00000b1c      0x119 ./Core/Src/system_stm32f1xx.o
 .debug_abbrev  0x00000c35       0x24 ./Core/Startup/startup_stm32f100c6tx.o
 .debug_abbrev  0x00000c59      0x233 ./Drivers/STM32F1xx_HAL_Driver/Src/stm32f1xx_hal.o
 .debug_abbrev  0x00000e8c      0x2f8 ./Drivers/STM32F1xx_HAL_Driver/Src/stm32f1xx_hal_cortex.o
 .debug_abbrev  0x00001184      0x1ca ./Drivers/STM32F1xx_HAL_Driver/Src/stm32f1xx_hal_gpio.o
 .debug_abbrev  0x0000134e      0x2b2 ./Drivers/STM32F1xx_HAL_Driver/Src/stm32f1xx_hal_rcc.o
 .debug_abbrev  0x00001600      0x277 ./Drivers/STM32F1xx_HAL_Driver/Src/stm32f1xx_hal_tim.o
 .debug_abbrev  0x00001877      0x282 ./Drivers/STM32F1xx_HAL_Driver/Src/stm32f1xx_hal_tim_ex.o

.debug_aranges  0x00000000      0x9c8
 .debug_aranges
                0x00000000       0x38 ./Core/Src/Lab2.o
 .debug_aranges
                0x00000038       0x30 ./Core/Src/Led7Seg_Display.o
 .debug_aranges
                0x00000068       0x40 ./Core/Src/main.o
 .debug_aranges
                0x000000a8       0x38 ./Core/Src/software_timer.o
 .debug_aranges
                0x000000e0       0x30 ./Core/Src/stm32f1xx_hal_msp.o
 .debug_aranges
                0x00000110       0x68 ./Core/Src/stm32f1xx_it.o
 .debug_aranges
                0x00000178       0x28 ./Core/Src/system_stm32f1xx.o
 .debug_aranges
                0x000001a0       0x28 ./Core/Startup/startup_stm32f100c6tx.o
 .debug_aranges
                0x000001c8       0xe0 ./Drivers/STM32F1xx_HAL_Driver/Src/stm32f1xx_hal.o
 .debug_aranges
                0x000002a8      0x100 ./Drivers/STM32F1xx_HAL_Driver/Src/stm32f1xx_hal_cortex.o
 .debug_aranges
                0x000003a8       0x58 ./Drivers/STM32F1xx_HAL_Driver/Src/stm32f1xx_hal_gpio.o
 .debug_aranges
                0x00000400       0x90 ./Drivers/STM32F1xx_HAL_Driver/Src/stm32f1xx_hal_rcc.o
 .debug_aranges
                0x00000490      0x3d0 ./Drivers/STM32F1xx_HAL_Driver/Src/stm32f1xx_hal_tim.o
 .debug_aranges
                0x00000860      0x168 ./Drivers/STM32F1xx_HAL_Driver/Src/stm32f1xx_hal_tim_ex.o

.debug_rnglists
                0x00000000      0x77b
 .debug_rnglists
                0x00000000       0x25 ./Core/Src/Lab2.o
 .debug_rnglists
                0x00000025       0x21 ./Core/Src/Led7Seg_Display.o
 .debug_rnglists
                0x00000046       0x2d ./Core/Src/main.o
 .debug_rnglists
                0x00000073       0x25 ./Core/Src/software_timer.o
 .debug_rnglists
                0x00000098       0x1f ./Core/Src/stm32f1xx_hal_msp.o
 .debug_rnglists
                0x000000b7       0x49 ./Core/Src/stm32f1xx_it.o
 .debug_rnglists
                0x00000100       0x1a ./Core/Src/system_stm32f1xx.o
 .debug_rnglists
                0x0000011a       0x19 ./Core/Startup/startup_stm32f100c6tx.o
 .debug_rnglists
                0x00000133       0xa3 ./Drivers/STM32F1xx_HAL_Driver/Src/stm32f1xx_hal.o
 .debug_rnglists
                0x000001d6       0xbb ./Drivers/STM32F1xx_HAL_Driver/Src/stm32f1xx_hal_cortex.o
 .debug_rnglists
                0x00000291       0x3f ./Drivers/STM32F1xx_HAL_Driver/Src/stm32f1xx_hal_gpio.o
 .debug_rnglists
                0x000002d0       0x6c ./Drivers/STM32F1xx_HAL_Driver/Src/stm32f1xx_hal_rcc.o
 .debug_rnglists
                0x0000033c      0x31a ./Drivers/STM32F1xx_HAL_Driver/Src/stm32f1xx_hal_tim.o
 .debug_rnglists
                0x00000656      0x125 ./Drivers/STM32F1xx_HAL_Driver/Src/stm32f1xx_hal_tim_ex.o

.debug_macro    0x00000000    0x10f0e
 .debug_macro   0x00000000      0x2de ./Core/Src/Lab2.o
 .debug_macro   0x000002de      0xaa8 ./Core/Src/Lab2.o
 .debug_macro   0x00000d86       0x22 ./Core/Src/Lab2.o
 .debug_macro   0x00000da8       0x8e ./Core/Src/Lab2.o
 .debug_macro   0x00000e36       0x51 ./Core/Src/Lab2.o
 .debug_macro   0x00000e87      0x103 ./Core/Src/Lab2.o
 .debug_macro   0x00000f8a       0x6a ./Core/Src/Lab2.o
 .debug_macro   0x00000ff4      0x1df ./Core/Src/Lab2.o
 .debug_macro   0x000011d3      0x215 ./Core/Src/Lab2.o
 .debug_macro   0x000013e8       0x2e ./Core/Src/Lab2.o
 .debug_macro   0x00001416       0x22 ./Core/Src/Lab2.o
 .debug_macro   0x00001438       0x1c ./Core/Src/Lab2.o
 .debug_macro   0x00001454       0x22 ./Core/Src/Lab2.o
 .debug_macro   0x00001476       0xbd ./Core/Src/Lab2.o
 .debug_macro   0x00001533      0xd23 ./Core/Src/Lab2.o
 .debug_macro   0x00002256     0x75c9 ./Core/Src/Lab2.o
 .debug_macro   0x0000981f       0x6d ./Core/Src/Lab2.o
 .debug_macro   0x0000988c     0x34a2 ./Core/Src/Lab2.o
 .debug_macro   0x0000cd2e      0x189 ./Core/Src/Lab2.o
 .debug_macro   0x0000ceb7       0x5c ./Core/Src/Lab2.o
 .debug_macro   0x0000cf13      0x5bc ./Core/Src/Lab2.o
 .debug_macro   0x0000d4cf      0x369 ./Core/Src/Lab2.o
 .debug_macro   0x0000d838      0x1cb ./Core/Src/Lab2.o
 .debug_macro   0x0000da03      0x114 ./Core/Src/Lab2.o
 .debug_macro   0x0000db17      0x1f1 ./Core/Src/Lab2.o
 .debug_macro   0x0000dd08       0x27 ./Core/Src/Lab2.o
 .debug_macro   0x0000dd2f      0x130 ./Core/Src/Lab2.o
 .debug_macro   0x0000de5f      0x1bc ./Core/Src/Lab2.o
 .debug_macro   0x0000e01b       0x34 ./Core/Src/Lab2.o
 .debug_macro   0x0000e04f       0x3c ./Core/Src/Lab2.o
 .debug_macro   0x0000e08b       0x57 ./Core/Src/Lab2.o
 .debug_macro   0x0000e0e2       0x6b ./Core/Src/Lab2.o
 .debug_macro   0x0000e14d      0x240 ./Core/Src/Lab2.o
 .debug_macro   0x0000e38d      0x140 ./Core/Src/Lab2.o
 .debug_macro   0x0000e4cd      0x8ed ./Core/Src/Lab2.o
 .debug_macro   0x0000edba       0x9f ./Core/Src/Lab2.o
 .debug_macro   0x0000ee59       0xa0 ./Core/Src/Lab2.o
 .debug_macro   0x0000eef9       0x22 ./Core/Src/Lab2.o
 .debug_macro   0x0000ef1b       0x61 ./Core/Src/Lab2.o
 .debug_macro   0x0000ef7c       0x24 ./Core/Src/Lab2.o
 .debug_macro   0x0000efa0       0x43 ./Core/Src/Lab2.o
 .debug_macro   0x0000efe3       0x34 ./Core/Src/Lab2.o
 .debug_macro   0x0000f017       0x16 ./Core/Src/Lab2.o
 .debug_macro   0x0000f02d       0x35 ./Core/Src/Lab2.o
 .debug_macro   0x0000f062      0x369 ./Core/Src/Lab2.o
 .debug_macro   0x0000f3cb       0x10 ./Core/Src/Lab2.o
 .debug_macro   0x0000f3db       0x16 ./Core/Src/Lab2.o
 .debug_macro   0x0000f3f1       0x43 ./Core/Src/Lab2.o
 .debug_macro   0x0000f434       0x34 ./Core/Src/Lab2.o
 .debug_macro   0x0000f468       0x10 ./Core/Src/Lab2.o
 .debug_macro   0x0000f478       0x58 ./Core/Src/Lab2.o
 .debug_macro   0x0000f4d0       0x8e ./Core/Src/Lab2.o
 .debug_macro   0x0000f55e       0x1c ./Core/Src/Lab2.o
 .debug_macro   0x0000f57a      0x177 ./Core/Src/Lab2.o
 .debug_macro   0x0000f6f1       0x16 ./Core/Src/Lab2.o
 .debug_macro   0x0000f707       0x16 ./Core/Src/Lab2.o
 .debug_macro   0x0000f71d      0x146 ./Core/Src/Lab2.o
 .debug_macro   0x0000f863       0x16 ./Core/Src/Lab2.o
 .debug_macro   0x0000f879       0x20 ./Core/Src/Lab2.o
 .debug_macro   0x0000f899      0x2c2 ./Core/Src/Led7Seg_Display.o
 .debug_macro   0x0000fb5b      0x2da ./Core/Src/main.o
 .debug_macro   0x0000fe35      0x1b7 ./Core/Src/software_timer.o
 .debug_macro   0x0000ffec      0x1a7 ./Core/Src/stm32f1xx_hal_msp.o
 .debug_macro   0x00010193      0x1b1 ./Core/Src/stm32f1xx_it.o
 .debug_macro   0x00010344      0x198 ./Core/Src/system_stm32f1xx.o
 .debug_macro   0x000104dc      0x1bc ./Drivers/STM32F1xx_HAL_Driver/Src/stm32f1xx_hal.o
 .debug_macro   0x00010698      0x198 ./Drivers/STM32F1xx_HAL_Driver/Src/stm32f1xx_hal_cortex.o
 .debug_macro   0x00010830      0x203 ./Drivers/STM32F1xx_HAL_Driver/Src/stm32f1xx_hal_gpio.o
 .debug_macro   0x00010a33      0x1aa ./Drivers/STM32F1xx_HAL_Driver/Src/stm32f1xx_hal_rcc.o
 .debug_macro   0x00010bdd      0x199 ./Drivers/STM32F1xx_HAL_Driver/Src/stm32f1xx_hal_tim.o
 .debug_macro   0x00010d76      0x198 ./Drivers/STM32F1xx_HAL_Driver/Src/stm32f1xx_hal_tim_ex.o

.debug_line     0x00000000     0xbb12
 .debug_line    0x00000000      0xa4f ./Core/Src/Lab2.o
 .debug_line    0x00000a4f      0xad4 ./Core/Src/Led7Seg_Display.o
 .debug_line    0x00001523      0xa95 ./Core/Src/main.o
 .debug_line    0x00001fb8      0x78d ./Core/Src/software_timer.o
 .debug_line    0x00002745      0x721 ./Core/Src/stm32f1xx_hal_msp.o
 .debug_line    0x00002e66      0x7bf ./Core/Src/stm32f1xx_it.o
 .debug_line    0x00003625      0x758 ./Core/Src/system_stm32f1xx.o
 .debug_line    0x00003d7d       0x78 ./Core/Startup/startup_stm32f100c6tx.o
 .debug_line    0x00003df5      0x98f ./Drivers/STM32F1xx_HAL_Driver/Src/stm32f1xx_hal.o
 .debug_line    0x00004784      0xb7c ./Drivers/STM32F1xx_HAL_Driver/Src/stm32f1xx_hal_cortex.o
 .debug_line    0x00005300      0xa29 ./Drivers/STM32F1xx_HAL_Driver/Src/stm32f1xx_hal_gpio.o
 .debug_line    0x00005d29      0xd70 ./Drivers/STM32F1xx_HAL_Driver/Src/stm32f1xx_hal_rcc.o
 .debug_line    0x00006a99     0x3766 ./Drivers/STM32F1xx_HAL_Driver/Src/stm32f1xx_hal_tim.o
 .debug_line    0x0000a1ff     0x1913 ./Drivers/STM32F1xx_HAL_Driver/Src/stm32f1xx_hal_tim_ex.o

.debug_str      0x00000000    0x6722a
 .debug_str     0x00000000    0x6477c ./Core/Src/Lab2.o
                              0x64af6 (size before relaxing)
 .debug_str     0x0006477c       0x51 ./Core/Src/Led7Seg_Display.o
                              0x64a71 (size before relaxing)
 .debug_str     0x000647cd      0x76d ./Core/Src/main.o
                              0x6522a (size before relaxing)
 .debug_str     0x00064f3a       0x90 ./Core/Src/software_timer.o
                              0x6178a (size before relaxing)
 .debug_str     0x00064fca      0x31e ./Core/Src/stm32f1xx_hal_msp.o
                              0x61a2e (size before relaxing)
 .debug_str     0x000652e8       0xec ./Core/Src/stm32f1xx_it.o
                              0x6174c (size before relaxing)
 .debug_str     0x000653d4       0x8c ./Core/Src/system_stm32f1xx.o
                              0x61060 (size before relaxing)
 .debug_str     0x00065460       0x44 ./Core/Startup/startup_stm32f100c6tx.o
                                 0x71 (size before relaxing)
 .debug_str     0x000654a4      0x373 ./Drivers/STM32F1xx_HAL_Driver/Src/stm32f1xx_hal.o
                              0x6173f (size before relaxing)
 .debug_str     0x00065817      0x294 ./Drivers/STM32F1xx_HAL_Driver/Src/stm32f1xx_hal_cortex.o
                              0x616a4 (size before relaxing)
 .debug_str     0x00065aab      0x2e3 ./Drivers/STM32F1xx_HAL_Driver/Src/stm32f1xx_hal_gpio.o
                              0x613d4 (size before relaxing)
 .debug_str     0x00065d8e      0x229 ./Drivers/STM32F1xx_HAL_Driver/Src/stm32f1xx_hal_rcc.o
                              0x6145e (size before relaxing)
 .debug_str     0x00065fb7      0xde0 ./Drivers/STM32F1xx_HAL_Driver/Src/stm32f1xx_hal_tim.o
                              0x62479 (size before relaxing)
 .debug_str     0x00066d97      0x493 ./Drivers/STM32F1xx_HAL_Driver/Src/stm32f1xx_hal_tim_ex.o
                              0x61c85 (size before relaxing)

.comment        0x00000000       0x43
 .comment       0x00000000       0x43 ./Core/Src/Lab2.o
                                 0x44 (size before relaxing)
 .comment       0x00000043       0x44 ./Core/Src/Led7Seg_Display.o
 .comment       0x00000043       0x44 ./Core/Src/main.o
 .comment       0x00000043       0x44 ./Core/Src/software_timer.o
 .comment       0x00000043       0x44 ./Core/Src/stm32f1xx_hal_msp.o
 .comment       0x00000043       0x44 ./Core/Src/stm32f1xx_it.o
 .comment       0x00000043       0x44 ./Core/Src/system_stm32f1xx.o
 .comment       0x00000043       0x44 ./Drivers/STM32F1xx_HAL_Driver/Src/stm32f1xx_hal.o
 .comment       0x00000043       0x44 ./Drivers/STM32F1xx_HAL_Driver/Src/stm32f1xx_hal_cortex.o
 .comment       0x00000043       0x44 ./Drivers/STM32F1xx_HAL_Driver/Src/stm32f1xx_hal_gpio.o
 .comment       0x00000043       0x44 ./Drivers/STM32F1xx_HAL_Driver/Src/stm32f1xx_hal_rcc.o
 .comment       0x00000043       0x44 ./Drivers/STM32F1xx_HAL_Driver/Src/stm32f1xx_hal_tim.o
 .comment       0x00000043       0x44 ./Drivers/STM32F1xx_HAL_Driver/Src/stm32f1xx_hal_tim_ex.o

.debug_frame    0x00000000     0x2758
 .debug_frame   0x00000000       0x88 ./Core/Src/Lab2.o
 .debug_frame   0x00000088       0x8c ./Core/Src/Led7Seg_Display.o
 .debug_frame   0x00000114       0xb0 ./Core/Src/main.o
 .debug_frame   0x000001c4       0xa0 ./Core/Src/software_timer.o
 .debug_frame   0x00000264       0x80 ./Core/Src/stm32f1xx_hal_msp.o
 .debug_frame   0x000002e4      0x120 ./Core/Src/stm32f1xx_it.o
 .debug_frame   0x00000404       0x58 ./Core/Src/system_stm32f1xx.o
 .debug_frame   0x0000045c      0x334 ./Drivers/STM32F1xx_HAL_Driver/Src/stm32f1xx_hal.o
 .debug_frame   0x00000790      0x428 ./Drivers/STM32F1xx_HAL_Driver/Src/stm32f1xx_hal_cortex.o
 .debug_frame   0x00000bb8      0x14c ./Drivers/STM32F1xx_HAL_Driver/Src/stm32f1xx_hal_gpio.o
 .debug_frame   0x00000d04      0x218 ./Drivers/STM32F1xx_HAL_Driver/Src/stm32f1xx_hal_rcc.o
 .debug_frame   0x00000f1c     0x11b8 ./Drivers/STM32F1xx_HAL_Driver/Src/stm32f1xx_hal_tim.o
 .debug_frame   0x000020d4      0x638 ./Drivers/STM32F1xx_HAL_Driver/Src/stm32f1xx_hal_tim_ex.o
 .debug_frame   0x0000270c       0x20 E:/stm32cubeide/STM32CubeIDE_1.16.0/STM32CubeIDE/plugins/com.st.stm32cube.ide.mcu.externaltools.gnu-tools-for-stm32.12.3.rel1.win32_1.0.200.202406191623/tools/bin/../lib/gcc/arm-none-eabi/12.3.1/../../../../arm-none-eabi/lib/thumb/v7-m/nofp\libc_nano.a(libc_a-memset.o)
 .debug_frame   0x0000272c       0x2c E:/stm32cubeide/STM32CubeIDE_1.16.0/STM32CubeIDE/plugins/com.st.stm32cube.ide.mcu.externaltools.gnu-tools-for-stm32.12.3.rel1.win32_1.0.200.202406191623/tools/bin/../lib/gcc/arm-none-eabi/12.3.1/../../../../arm-none-eabi/lib/thumb/v7-m/nofp\libc_nano.a(libc_a-init.o)

.debug_line_str
                0x00000000       0x55
 .debug_line_str
                0x00000000       0x55 ./Core/Startup/startup_stm32f100c6tx.o
